Task:
–†–∞—Å—Å–º–æ—Ç—Ä–∏–º –ª–µ–≥–∫–∏–π —Å–ø–æ—Å–æ–± –∞–Ω–æ–Ω–∏–º–Ω–æ–π –∏ –∫–æ–Ω—Ñ–∏–¥–µ–Ω—Ü–∏–∞–ª—å–Ω–æ–π –ø–µ—Ä–µ–ø–∏—Å–∫–∏ –Ω–∞ –æ—Å–Ω–æ–≤–µ i2p + XMPP (–ø—Ä–æ—Ç–æ–∫–æ–ª –æ–±–º–µ–Ω–∞ —Å–æ–æ–±—â–µ–Ω–∏—è–º–∏). –ú—ã —Å–æ–∑–¥–∞–µ–º —Å–≤–æ–π XMPP —Å–µ—Ä–≤–µ—Ä –Ω–∞ –Ω–∞—à–µ–º localhost –∏ –∫–∏–Ω–µ–º –≤—Å–µ –µ–≥–æ —Ö–æ—Å—Ç—ã –≤–Ω—É—Ç—Ä–∏ —Å–µ—Ç–∏ i2p, –∫–æ—Ç–æ—Ä—ã–π –≤—ã–¥–µ–ª–∏—Ç –Ω–∞–º –∫—Ä–∏–ø—Ç–æ–≥—Ä–∞—Ñ–∏—á–µ—Å–∫–∏–π –∞–¥—Ä–µ—Å, –ø–æ –∫–æ—Ç–æ—Ä–æ–º—É –Ω–∞—à —Å–æ–±–µ—Å–µ–¥–Ω–∏–∫ –º–æ–∂–µ—Ç –≤—Å—Ç—É–ø–∏—Ç—å —Å –Ω–∞–º–∏ –≤ –∫–æ–Ω—Ç–∞–∫—Ç.
Decision:
–í—Å—é —Ä–µ–∞–ª–∏–∑–∞—Ü–∏—é –±—É–¥—É –¥–µ–ª–∞—Ç—å –≤–Ω—É—Ç—Ä–∏ –≤–∏—Ä—Ç—É–∞–ª—å–Ω–æ–π –º–∞—à–∏–Ω—ã. C–Ω–∞—á–∞–ª–∞ —É—Å—Ç–∞–Ω–æ–≤–∏–º —Å–µ—Ä–≤–∏—Å i2p. –í Ubuntu —ç—Ç–æ –¥–µ–ª–∞–µ—Ç—Å—è —Ç–∞–∫:
$ sudo add-apt-repository ppa:purplei2p/i2pd
$ sudo apt-get update
$ sudo apt-get install i2pd
–í –¶–µ–Ω—Ç–æ—Å–µ 8:
# curl -s https://copr.fedorainfracloud.org/coprs/r4sas/miniupnpc/repo/epel-8/r4sas-miniupnpc-epel-8.repo -o /etc/yum.repos.d/miniupnpc-epel-8.repo
# curl -s https://copr.fedorainfracloud.org/coprs/supervillain/i2pd/repo/epel-8/supervillain-i2pd-epel-8.repo -o /etc/yum.repos.d/i2pd-epel-8.repo
# yum install epel-release -y
# yum install i2pd -y
# systemctl enable i2pd
Created symlink /etc/systemd/system/multi-user.target.wants/i2pd.service ‚Üí /usr/lib/systemd/system/i2pd.service.
# systemctl start i2pd
–ü–æ—Å–ª–µ —É—Å—Ç–∞–Ω–æ–≤–∫–∏ —Å–æ–∑–¥–∞–µ–º —Å–µ—Ä–≤–µ—Ä–Ω—ã–π I2P —Ç—É–Ω–Ω–µ–ª—å - —ç—Ç–æ –≤–∏—Ä—Ç—É–∞–ª—å–Ω—ã–π –∞–¥—Ä–µ—Å, –ø–æ –∫–æ—Ç–æ—Ä–æ–º—É –Ω–∞—à XMPP —Å–µ—Ä–≤–µ—Ä –±—É–¥–µ—Ç –¥–æ—Å—Ç—É–ø–µ–Ω.
# find / -name tunnels.conf
find: ‚Äò/run/user/1000/gvfs‚Äô: Permission denied
/etc/i2pd/tunnels.conf
/usr/share/doc/i2pd/tunnels.conf
# cat /etc/i2pd/tunnels.conf
[IRC-IRC2P]
...
#[IRC-ILITA]
...
#[SMTP]
...
#[POP3]
...
# see more examples at https://i2pd.readthedocs.io/en/latest/user-guide/tunnels/
–¥–æ–ø–∏—Å—ã–≤–∞–µ–º —Å–ª–µ–¥—É—é—â–∏–µ —Å—Ç—Ä–æ–∫–∏:
# vim /etc/i2pd/tunnels.conf
# cat /etc/i2pd/tunnels.conf
[IRC-IRC2P]
...
#[IRC-ILITA]
...
#[SMTP]
...
#[POP3]
...
# see more examples at https://i2pd.readthedocs.io/en/latest/user-guide/tunnels/
[prosody-s2s]
type=server
host=127.0.0.1
port=5269
inport=5269
keys=prosody.dat
[prosody-c2s]
type=server
host=127.0.0.1
port=5222
inport=5222
keys=prosody.dat
–ü–µ—Ä–µ–∑–∞–≥—Ä—É–∂–∞–µ–º i2pd
# systemctl restart i2pd
–£–∑–Ω–∞–µ–º –∫–∞–∫–æ–π —É –Ω–∞—Å –±—É–¥–µ—Ç –∫—Ä–∏–ø—Ç–æ–≥—Ä–∞—Ñ–∏—á–µ—Å–∫–∏–π –∞–¥—Ä–µ—Å —á–µ—Ä–µ–∑ –±—Ä–∞—É–∑–µ—Ä 127.0.0.1:7070. —ç—Ç–æ –∏ –±—É–¥–µ—Ç –¥–æ–º–µ–Ω –¥–ª—è –≤–∞—à–µ–≥–æ XMPP —Å–µ—Ä–≤–µ—Ä–∞, –µ–≥–æ –Ω–∞–¥–æ –±—É–¥–µ—Ç —Å–æ—Ö—Ä–∞–Ω–∏—Ç—å.
–£—Å—Ç–∞–Ω–∞–≤–ª–∏–≤–∞–µ–º —Å–µ—Ä–≤–µ—Ä XMPP –ø–æ–¥ c–≤–æ—é –û–°.
# yum list | grep prosody
prosody.x86_64         0.11.5-1.el8       epel
# yum install prosody -y
–ü–æ—Å–ª–µ–¥–Ω—è—è –ø—Ä–æ–≤–µ—Ä–∫–∞ –æ–∫–æ–Ω—á–∞–Ω–∏—è —Å—Ä–æ–∫–∞ –¥–µ–π—Å—Ç–≤–∏—è –º–µ—Ç–∞–¥–∞–Ω–Ω—ã—Ö: 0:31:19 –Ω–∞–∑–∞–¥, –°–± 06 –∏—é–Ω 2020 01:21:39.
–û—à–∏–±–∫–∞:
    –ü—Ä–æ–±–ª–µ–º–∞: conflicting requests
    - nothing provides lua-filesystem needed by prosody-0.11.5-1.el8.x86_64
(try to add '--skip-broken' to skip uninstallable packages or '--nobest' to use not only best candidate packages)
# yum list | grep lua-fi
lua-fifo.noarch               0.2-2.el8           epel
# rpm -i http://mirror.C.org/C/8/PowerTools/x86_64/os/Packages/lua-filesystem-1.6.3-7.el8.x86_64.rpm
# yum list | grep lua-fi
lua-filesystem.x86_64         1.6.3-7.el8         @System                                          
lua-fifo.noarch               0.2-2.el8           epel
# yum install prosody -y
–£—Å—Ç–∞–Ω–∞–≤–ª–∏–≤–∞–µ–º lua –±–∏–±–ª–∏–æ—Ç–µ–∫—É bit32
# yum list | grep lua
    ...
    lua5.1-basexx.noarch                                 0.4.0-2.el8 epel                                             
    lua5.1-binaryheap.noarch                             0.4-1.el8 epel                                             
    lua5.1-bitop.x86_64                                  1.0.2-5.el8 epel                                             
    lua5.1-compat53.x86_64                               0.7-3.el8 epel                                             
    lua5.1-cqueues.x86_64                                20190813-3.el8 epel
    lua5.1-fifo.noarch                                   0.2-2.el8 epel                                             
    lua5.1-http.noarch                                   0.3-5.el8 epel                                             
    lua5.1-lpeg.x86_64                                   1.0.2-1.el8 epel                                             
    lua5.1-lpeg-patterns.noarch                          0.5-4.el8 epel                                             
    lua5.1-luaossl.x86_64                                20190731-1.el8 epel                                           
    lua5.1-luv.x86_64                                    1.36.0.0-1.el8 epel
    lua5.1-luv-devel.x86_64                              1.36.0.0-1.el8                                    epel
    lua5.1-mmdb.noarch                                   0.2-2.el8                                         epel    lua5.1-mpack.x86_64                                  1.0.8-3.el8                                       epel   
    ...
# yum install lua5.1-basexx lua5.1-binaryheap lua5.1-compat53 lua5.1-bitop lua5.1-cqueues lua5.1-fifo lua5.1-http lua5.1-lpeg lua5.1-lpeg-patterns lua5.1-luaossl lua5.1-luv lua5.1-luv-devel lua5.1-mmdb lua5.1-mpack -y
–£—Å—Ç–∞–Ω–∞–≤–ª–∏–≤–∞–µ–º –º–æ–¥—É–ª—å mod_darknet –≤ –¥–∏—Ä–µ–∫—Ç–æ—Ä–∏—é –º–æ–¥—É–ª–µ–π prosody.
# find / -name modules
...
/usr/lib64/prosody/modules
...
# cd /usr/lib64/prosody/modules
# wget https://raw.githubusercontent.com/majestrate/mod_darknet/master/mod_darknet.lua
# ls -l
...
-rw-r--r--. 1 root root 8478 –∏—é–Ω 6 02:57 mod_darknet.lua
...
–¢–µ–ø–µ—Ä—å —Ä–µ–¥–∞–∫—Ç–∏—Ä—É–µ–º –∫–æ–Ω—Ñ–∏–≥
# vim /etc/prosody/prosody.cfg.lua
–í —Å–∞–º–æ–º –Ω–∏–∑—É –Ω—É–∂–Ω–æ –ø—Ä–æ–ø–∏—Å–∞—Ç—å —Ç–∞–∫–æ–π –∫–æ–¥ (–ó–∞–º–µ–Ω–∏—Ç–µ xxx.b32.i2p –Ω–∞ —Å–≤–æ–π –∞–¥—Ä–µ—Å, –∫–æ—Ç–æ—Ä—ã–π –º—ã —Å–æ—Ö—Ä–∞–Ω—è–ª–∏ —Ä–∞–Ω–µ–µ):
# cat /etc/prosody/prosody.cfg.lua
interfaces = { "127.0.0.1" };
admins = { "admin@xxx.b32.i2p" };
modules_enabled = {
    "roster"; "saslauth"; "tls"; "dialback"; "disco"; "posix"; "private"; "vcard";  "ping";  "register"; "admin_adhoc"; "darknet";
};
modules_disabled = {};
allow_registration = false;
darknet_only = true;
c2s_require_encryption = true;
s2s_secure_auth = false;
authentication = "internal_plain";
-- On Debian/Ubuntu
daemonize = true;
pidfile = "/var/run/prosody/prosody.pid";
log = {
    error = "/var/log/prosody/prosody.err";
    "*syslog";
}
certificates = "certs";
VirtualHost "xxx.b32.i2p";
ssl = {
    key = "/etc/prosody/certs/xxx.b32.i2p.key";
    certificate = "/etc/prosody/certs/xxx.b32.i2p.crt";
}
–ì–µ–Ω–µ—Ä–∏—Ä—É–µ–º —Å–µ—Ä—Ç–∏—Ñ–∏–∫–∞—Ç—ã —à–∏—Ñ—Ä–æ–≤–∞–Ω–∏—è –≤—Å—Ç–∞–ª—è—è —Ç–µ–∂–µ –∑–Ω–∞—á–µ–Ω–∏—è –¥–æ–º–µ–Ω–∞, –∫–æ—Ç–æ—Ä—ã–µ –º—ã —Å–æ—Ö—Ä–∞–Ω—è–ª–∏ —Ä–∞–Ω–µ–µ
# openssl genrsa -out /etc/prosody/certs/xxx.b32.i2p.key 2048
Generating RSA private key, 2048 bit long modulus (2 primes)
......................+++++
....+++++
e is 65537 (0x010001)
# openssl req -new -x509 -key /etc/prosody/certs/xxx.b32.i2p.key -out /etc/prosody/certs/xxx.b32.i2p.crt -days 3650
You are about to be asked to enter information that will be incorporated
into your certificate request.
What you are about to enter is what is called a Distinguished Name or a DN.
There are quite a few fields but you can leave some blank
For some fields there will be a default value,
If you enter '.', the field will be left blank.
-----
Country Name (2 letter code) [XX]:
State or Province Name (full name) []:
Locality Name (eg, city) [Default City]:
Organization Name (eg, company) [Default Company Ltd]:
Organizational Unit Name (eg, section) []:
Common Name (eg, your name or your server's hostname) []:
Email Address []:
# chown root:prosody /etc/prosody/certs/*.b32.i2p.{key,crt}
# chmod 640 /etc/prosody/certs/*.b32.i2p.{key,crt}
–ü–µ—Ä–µ–∑–∞–≥—Ä—É–∑–∏—Ç–µ —Å–µ—Ä–≤–µ—Ä prosody
# systemctl enable prosody
Created symlink /etc/systemd/system/multi-user.target.wants/prosody.service ‚Üí /usr/lib/systemd/system/prosody.service. 
# systemctl start prosody
–î–æ–±–∞–≤–ª—è–µ–º –∞–¥–º–∏–Ω—Å–∫–∏–π –∞–∫–∫–∞—É–Ω—Ç
# prosodyctl adduser admin@xxx.b32.i2p
–¢–µ–ø–µ—Ä—å –º—ã –º–æ–∂–µ–º –∑–∞–∫–æ–Ω–µ–∫—Ç–∏—Ç—å—Å—è –∫ –Ω–∞—à–µ–º—É —Å–µ—Ä–≤–µ—Ä—É —á–µ—Ä–µ–∑ pidgin-–∫–ª–∏–µ–Ω—Ç.
–ï—Å–ª–∏ –≤—ã –ø–æ–¥–∫–ª—é—á–∞–µ—Ç–µ—Å—å –ª–æ–∫–∞–ª—å–Ω–æ –∫ —Å–µ—Ä–≤–µ—Ä—É, —Ç–æ –≤ –Ω–∞—Å—Ç—Ä–æ–π–∫–∞—Ö –∫–ª–∏–µ–Ω—Ç–∞ —É–∫–∞–∑—ã–≤–∞–µ–º –ø–æ–¥–∫–ª—é—á–µ–Ω–∏–µ –∫ —Å–µ—Ä–≤–µ—Ä—É 127.0.0.1 –ø–æ—Ä—Ç 5222. –ï—Å–ª–∏ –ø–æ–¥–∫–ª—é—á–∞–µ—Ç–µ—Å—å –∫ —Å–µ—Ä–≤–µ—Ä—É —É–¥–∞–ª–µ–Ω–Ω–æ —á–µ—Ä–µ–∑ I2P, —Ç–æ —É–∫–∞–∑—ã–≤–∞–π—Ç–µ –≤ –Ω–∞—Å—Ç—Ä–æ–π–∫–∞—Ö –ø—Ä–æ–∫—Å–∏ Socks5 127.0.0.1:4447 –ü—Ä–∏ –ø–æ–¥–∫–ª—é—á–µ–Ω–∏–∏ –Ω–∞—Å –ø—Ä–µ–¥—É–ø—Ä–µ–¥—è—Ç, —Å–µ—Ä—Ç–∏—Ñ–∏–∫–∞—Ç—ã —à–∏—Ñ—Ä–æ–≤–∞–Ω–∏—è —Å–∞–º–æ–ø–∏—Å–Ω—ã–µ, —Ç–∞–∫ –∫–∞–∫ –º—ã —Å–∞–º–∏ –∏—Ö —Å–≥–µ–Ω–µ—Ä–∏—Ä–æ–≤–∞–ª–∏.
–¢–µ–ø–µ—Ä—å –º—ã –º–æ–∂–µ–º –ø–æ–¥–ª—é—á–∏—Ç—å –≤—Ç–æ—Ä–æ–≥–æ —Å–æ–±–µ—Å–µ–¥–Ω–∏–∫–∞ —á–µ—Ä–µ–∑ –≤—Ç–æ—Ä—É—é –≤–∏—Ä—Ç—É–∞–ª—å–Ω—É—é –º–∞—à–∏–Ω—É. –¢–∞–∫–∂–µ –Ω–∞ –Ω–µ–π —É—Å—Ç–∞–Ω–æ–≤–∏–º —à–ª—é–∑ i2p, –∫–æ—Ç–æ—Ä—ã–π –±—É–¥–µ—Ç —è–≤–ª—è—Ç—å—Å—è –Ω–∞—à–∏–º –ª–æ–∫–∞–ª—å–Ω—ã–º –ø—Ä–æ–∫—Å–∏ i2p.
# add-apt-repository ppa:purplei2p/i2pd
# apt-get update
# apt-get install -y i2pd
# apt-get install -y pidgin
–í–µ—Ä–Ω–µ–º—Å—è –≤ –ø–µ—Ä–≤—É—é –º–∞—à–∏–Ω—É –∏ —Å–æ–∑–¥–∞–¥–∏–º –¥–ª—è –Ω–∞—à–µ–≥–æ —Å–æ–±–µ—Å–µ–¥–Ω–∏–∫–∞ –∞–∫–∫–∞—É–Ω—Ç –Ω–∞ —Å–µ—Ä–≤–µ—Ä–µ
# prosodyctl adduser C@xxx.b32.i2p
–í–æ –≤—Ç–æ—Ä–æ–π –º–∞—à–∏–Ω–µ –ø—Ä–æ–≤–µ—Ä—è–µ–º
–£–∫–∞–∑—ã–≤–∞–µ–º —Ç—É—Ç –¥–æ–º–µ–Ω –Ω–∞—à–µ–≥–æ —Å–µ—Ä–≤–µ—Ä–∞, –ø–æ—Ä—Ç 5222, —É–∫–∞–∂–µ–º, —á—Ç–æ —Ç—Ä–∞—Ñ–∏–∫ –¥–æ–ª–∂–µ–Ω –∏–¥—Ç–∏ —á–µ—Ä–µ–∑ –ø—Ä–æ–∫—Å–∏ —Ç–∏–ø–∞ SOCKS 5, –∫–æ—Ç–æ—Ä—ã–π –Ω–∞—Ö–æ–¥–∏—Ç—Å—è –Ω–∞ localhost 127.0.0.1, –ø–æ—Ä—Ç - 4447. –ü—Ä–∏ –ø–æ–¥–∫–ª—é—á–µ–Ω–∏–∏ –Ω–∞—Å —Ç–∞–∫–∂–µ –ø—Ä–µ–¥—É–ø—Ä–µ–¥—è—Ç,—á—Ç–æ —Å–µ—Ä—Ç–∏—Ñ–∏–∫–∞—Ç—ã —à–∏—Ñ—Ä–æ–≤–∞–Ω–∏—è —Å–∞–º–æ–ø–∏—Å–Ω—ã–µ, –µ—Å–ª–∏ –≤—Å–µ —Å–¥–µ–ª–∞–ª–∏ –ø—Ä–∞–≤–∏–ª—å–Ω–æ. –û—Å—Ç–∞–µ—Ç—Å—è —Ç–æ–ª—å–∫–æ –∑–∞–ø—Ä–æ—Å–∏—Ç—å –∞–≤—Ç–æ—Ä–∏–∑–∞—Ü–∏—é –Ω–∞—à–∏—Ö —Å–æ–±–µ—Å–µ–¥–Ω–∏–∫–æ–≤ –¥–ª—è —Ç–æ–≥–æ, —á—Ç–æ–±—ã —Å–æ–∑–¥–∞—Ç—å —á–∞—Ç.
Source:
1. https://www.youtube.com/playlist?list=PLLqKATfceKNsptsrNP63TukGKETztvf1r
Task:
—É—Å—Ç–∞–Ω–∞–≤–ª–∏–≤–∞–µ–º –∫–∞—Å–ø–µ—Ä—Å–∫–∏–π 
Decision: 
kes - setup
–£–∫–∞–∑–∞—Ç—å –∏–º—è —Å–µ—Ä–≤–µ—Ä–∞, –∑–∞–ø–∏—Å—ã–≤–∞–µ–º –∏–º—è –∫–æ–º–ø–∞ thost
netagent - setup
—á—Ç–æ–±—ã –∞–∫—Ç–∏–≤–∏—Ä–æ–≤–∞—Ç—å –∫–∞—Å–ø–µ—Ä—Å–∫–∏–π –∑–∞—Ö–æ–¥–∏–º —á–µ—Ä–µ–∑ —Å–µ—Ä–≤–µ—Ä –≤ kasp Sec Center, –∫–æ–º–ø, –∫–ª–∏–µ–Ω—Ç –∫–æ–º–ør, —Å–æ–∑–¥ (–ø—Ä –∫–Ω–æ–ø–∫–æ–π –º—ã—à–∏), –ú–∞—Å—Ç –¥–æ–±–∞–≤–ª, –∫–ª–∏–µ–Ω—Ç –∫–æ–º–ø, thost
Task:
–°–∏—Å—Ç–µ–º–∞ –±–µ–∑–æ–ø–∞—Å–Ω–æ—Å—Ç–∏ PAM
–ö–æ–Ω—Ñ–∏–≥—É—Ä–∞—Ü–∏–æ–Ω–Ω—ã–µ —Ñ–∞–π–ª—ã –¥–ª—è —Ä–∞–∑–ª–∏—á–Ω—ã—Ö –ø—Ä–æ–≥—Ä–∞–º–º –Ω–∞—Ö–æ–¥—è—Ç—Å—è –≤ /etc/pam.d/.
Decision:
$ ls /etc/pam.d
atd gdm-launch-environment polkit-1 sudo-i
chfn gdm-password postlogin su-l
chsh gdm-pin remote system-auth
cockpit gdm-smartcard runuser systemd-user
config-util liveinst runuser-l vlock
crond login smartcard-auth vmtoolsd
cups other sshd xserver
fingerprint-auth passwd sssd-shadowutils
gdm-autologin password-auth su
gdm-fingerprint pluto sudo
Task:
–≤—ã—è—Å–Ω–∏—Ç—å, –∫–∞–∫–∏–µ –º–æ–¥—É–ª–∏ PAM –ø—Ä–∏—Å—É—Ç—Å—Ç–≤—É—é—Ç –≤ —Å–∏—Å—Ç–µ–º–µ.
Decision:
$ find / -name pam_*.so
find: ‚Äò/proc/12490‚Äô: No such file or directory
find: ‚Äò/proc/12491‚Äô: No such file or directory
find: ‚Äò/run/user/1000/gvfs‚Äô: Permission denied
/usr/lib64/security/pam_cap.so
...
/usr/lib64/security/pam_gnome_keyring.so
/usr/lib64/security/pam_gdm.so
/opt/VBoxGuestAdditions-6.1.4/other/pam_vbox.so
Task:
–ó–∞–ø—Ä–µ—Ç–∏–º –ø–æ–ª—å–∑–æ–≤–∞—Ç–µ–ª—é tuser1 —Å —Å–µ—Ä–≤–µ—Ä–∞ —Å IP tipcentos –ø–æ–¥–∫–ª—é—á–∞—Ç—å—Å—è –ø–æ SSH –∫ –Ω–∞—à–µ–º—É —Å–µ—Ä–≤–µ—Ä—É. –í –∫–æ–Ω—Ü–µ —Ñ–∞–π–ª–∞ /etc/security/access.conf –≤–ø–∏—Å—ã–≤–∞–µ–º —Ç–∞–∫—É—é —Å—Ç—Ä–æ–∫—É: - : tuser1 : tipcentos. –£–∑–Ω–∞—Ç—å IP –º–æ–∂–Ω–æ —Å –ø–æ–º–æ—â—å—é ifconfig.
Decision:
$ su - tuser1
$ ifconfig
....
inet tipcentos ...
...
$ exit
logout
$ vim /etc/security/access.conf
$ cat /etc/security/access.conf
# Login access control table.
...
#-:ALL:ALL
-:tuser1:tipcentos
$ cat /etc/pam.d/sshd
#%PAM-1.0
auth substack password-auth
auth include postlogin
account required pam_sepermit.so
account required pam_nologin.so
account include password-auth
password include password-auth
# pam_selinux.so close should be the first session rule
session required pam_selinux.so close
session required pam_loginuid.so
# pam_selinux.so open should only be followed by sessions to be executed in the user context
session required pam_selinux.so open env_params
session required pam_namespace.so
session optional pam_keyinit.so force revoke
session optional pam_motd.so
session include password-auth
session include postlogin
$ vim /etc/pam.d/sshd
$ cat /etc/pam.d/sshd
#%PAM-1.0
auth substack password-auth
auth include postlogin
account required pam_sepermit.so
account required pam_nologin.so
account required pam_access.so
account include password-auth
password include password-auth
# pam_selinux.so close should be the first session rule
session required pam_selinux.so close
session required pam_loginuid.so
# pam_selinux.so open should only be followed by sessions to be executed in the user context
session required pam_selinux.so open env_params
session required pam_namespace.so
session optional pam_keyinit.so force revoke
session optional pam_motd.so
session include password-auth
session include postlogin
Task:
–¢–µ–ø–µ—Ä—å –ø–æ–ª—å–∑–æ–≤–∞—Ç–µ–ª—å tuser1 –Ω–µ —Å–º–æ–∂–µ—Ç –ø–æ–¥–∫–ª—é—á–∏—Ç—å—Å—è –∫ –Ω–∞—à–µ–º—É —Å–µ—Ä–≤–µ—Ä—É –ø–æ SSH. –í —Ñ–∞–π–ª–µ access.conf —Ç–∞–∫–∂–µ –µ—Å—Ç—å –º–Ω–æ–≥–æ –¥—Ä—É–≥–∏—Ö –ø—Ä–∏–º–µ—Ä–æ–≤, –∫–æ—Ç–æ—Ä—ã–µ –º–æ–∂–Ω–æ –∏—Å–ø–æ–ª—å–∑–æ–≤–∞—Ç—å –≤ —Å–≤–æ–µ–π —Å–∏—Ç—É–∞—Ü–∏–∏. –ø—Ä–æ–≤–µ—Ä–∏—Ç—å –ø–æ–¥–∫–ª—é—á–µ–Ω–∏–µ –Ω–∞ –¥—Ä—É–≥–æ–º –∫–æ–º–ø–µ.  –ß—Ç–æ–±—ã —Ä–∞–∑—Ä–µ—à–∏—Ç—å —ç—Ç–æ, –º–æ–∂–Ω–æ –ø—Ä–æ—Å—Ç–æ –∑–∞–∫–æ–º–º–µ–Ω—Ç–∏—Ç—å —Å—Ç—Ä–æ–∫—É –≤ —Ñ–∞–π–ª–µ.
Decision:
$ ssh tuser1@tipcentos
The authenticity of host 'tipcentos (tipcentos)' can't be established.
ECDSA key fingerprint is SHA256:18lZcodItzx9EW0IpFFs7S6p5/JzeQVp6w2DBhQ5ypI.
Are you sure you want to continue connecting (yes/no/[fingerprint])? yes
Warning: Permanently added 'tipcentos' (ECDSA) to the list of known hosts.
tuser1@tipcentos's password:
Connection closed by tipcentos port 22
$ vim /etc/security/access.conf
$ cat /etc/security/access.conf
# Login access control table.
...
#-:ALL:ALL
#-:tuser1:tipcentos
Task:
–° –ø–æ–º–æ—â—å—é pam_limits.so –¥–ª—è –ø–æ–ª—å–∑–æ–≤–∞—Ç–µ–ª—è tuser1 —Å–¥–µ–ª–∞–µ–º —Å–ª–µ–¥—É—é—â–∏–µ –æ–≥—Ä–∞–Ω–∏—á–µ–Ω–∏—è: –º–∞–∫—Å–∏–º–∞–ª—å–Ω—ã–π —Ä–∞–∑–º–µ—Ä —Ñ–∞–π–ª–∞ ‚Äì 20 –ú–±; –ø—Ä–∏–æ—Ä–∏—Ç–µ—Ç –¥–ª—è –ø–æ–ª—å–∑–æ–≤–∞—Ç–µ–ª—å—Å–∫–∏—Ö –ø—Ä–æ—Ü–µ—Å—Å–æ–≤ ‚Äì 15.
–°—Ç—Ä–æ–∫–∏ –≤ –∫–æ–Ω—Ü–µ —Ñ–∞–π–ª–∞ /etc/security/limits.conf: tuser1 hard fsize 20000; tuser1 hard priority 15.
Decision:
$ vim /etc/security/limits.conf
$ cat /etc/security/limits.conf
# /etc/security/limits.conf
...
#@student - maxlogins 4
tuser1 hard fsize 20000
tuser1 hard priority 15
# End of file
$ ssh tuser1@tipcentos
The authenticity of host 'tipcentos (tipcentos)' can't be established.
ECDSA key fingerprint is SHA256:18lZcodItzx9EW0IpFFs7S6p5/JzeQVp6w2DBhQ5ypI.
Are you sure you want to continue connecting (yes/no/[fingerprint])? yes
Warning: Permanently added 'tipcentos' (ECDSA) to the list of known hosts.
tuser1@tipcentos's password:
Activate the web console with: systemctl enable --now cockpit.socket
Last login: Wed Mar 25 23:07:16 2020
$ ls -lh
–∏—Ç–æ–≥–æ 0
$ yes > file.txt
File size limit exceeded (—Å—Ç–µ–∫ –ø–∞–º—è—Ç–∏ —Å–±—Ä–æ—à–µ–Ω –Ω–∞ –¥–∏—Å–∫)
$ ls -lh
–∏—Ç–æ–≥–æ 20M -rw-rw-r-- 1 tuser1 tuser1 20M –º–∞—Ä 25 23:17 file.txt
Task:
–ò—Å–ø–æ–ª—å–∑–æ–≤–∞–Ω–∏–µ —Å–∏–º–º–µ—Ç—Ä–∏—á–Ω–æ–≥–æ —à–∏—Ñ—Ä–æ–≤–∞–Ω–∏—è.
–î–∞–≤–∞–π—Ç–µ –∑–∞—à–∏—Ñ—Ä—É–µ–º –∏ —Ä–∞—Å—à–∏—Ñ—Ä—É–µ–º –¥–∞–Ω–Ω—ã–µ —Å –ø–æ–º–æ—â—å—é —Å–∏–º–º–µ—Ç—Ä–∏—á–Ω–æ–≥–æ –º–µ—Ç–æ–¥–∞. –î–ª—è —ç—Ç–æ–≥–æ –≤—ã–ø–æ–ª–Ω–∏–º –∫–æ–º–∞–Ω–¥—É gpg —Å –æ–ø—Ü–∏–µ–π -c, –∫–æ—Ç–æ—Ä–∞—è —Å–æ–æ–±—â–∞–µ—Ç, —á—Ç–æ –Ω—É–∂–Ω–æ –∏—Å–ø–æ–ª—å–∑–æ–≤–∞—Ç—å —Å–∏–º–º–µ—Ç—Ä–∏—á–Ω—ã–π —Ä–µ–∂–∏–º —à–∏—Ñ—Ä–æ–≤–∞–Ω–∏—è. –î–∞–ª–µ–µ —É–∫–∞–∑—ã–≤–∞–µ–º —Ñ–∞–π–ª, –∫–æ—Ç–æ—Ä—ã–π –Ω–µ–æ–±—Ö–æ–¥–∏–º–æ –∑–∞—à–∏—Ñ—Ä–æ–≤–∞—Ç—å. –ü–æ —É–º–æ–ª—á–∞–Ω–∏—é –ø—Ä–∏–º–µ–Ω—è–µ—Ç—Å—è –∞–ª–≥–æ—Ä–∏—Ç–º CAST5, –∫–æ—Ç–æ—Ä—ã–π –º–æ–∂–Ω–æ –∏–∑–º–µ–Ω–∏—Ç—å —Å –ø–æ–º–æ—â—å—é –æ–ø—Ü–∏–∏ --cipher-algo. –ü–æ—Å–º–æ—Ç—Ä–µ—Ç—å –¥–æ—Å—Ç—É–ø–Ω—ã–µ –∞–ª–≥–æ—Ä–∏—Ç–º—ã –º–æ–∂–Ω–æ –≤ –≤—ã–≤–æ–¥–µ –∫–æ–º–∞–Ω–¥—ã gpg --version (—Å—Ç—Ä–æ–∫–∞ Cipher:).
Decision:
# vim myfile.txt
# cat myfile.txt
    --------SECRTET!!-------
    ---------=)------------
# ls -l
    -rw-r--r--. 1 root   root     49 –∞–ø—Ä 15 22:42  myfile.txt
# gpg -c myfile.txt
# ls -l
    -rw-r--r--. 1 root   root     49 –∞–ø—Ä 15 22:42  myfile.txt
    -rw-r--r--. 1 root   root    103 –∞–ø—Ä 15 22:44  myfile.txt.gpg
# cat myfile.txt.gpg
    ÔøΩÔøΩ%ÔøΩÔøΩAÔøΩÔøΩÔøΩVÔøΩOÔøΩÔøΩŒ∫QÔøΩÔøΩSÔøΩÔøΩgjÔøΩVyvÔøΩÔøΩc∆íÔøΩ]ÔøΩÔøΩ$[)8ÔøΩ]lÔøΩÔøΩSÔøΩwÔøΩZÔøΩÔøΩÔøΩ»ùÔøΩÔøΩÔøΩ<ÔøΩnÔøΩRÔøΩÔøΩyÔøΩ`W7'ÔøΩFÔøΩ‚¨öÔøΩmÔøΩÔøΩÔøΩ
Task:
–£ –º–µ–Ω—è –µ—Å—Ç—å –î—Ä—É–≥–∞—è —Å–∏—Å—Ç–µ–º–∞ –£–±—É–Ω—Ç—É, –ø–µ—Ä–µ–Ω–µ—Å–µ–º —Ç—É–¥–∞ —Ñ–∞–π–ª. –ü–æ—Å–ª–µ –ø–µ—Ä–µ–¥–∞—á–∏ —Ñ–∞–π–ª–∞ –≤ —É–¥–∞–ª–µ–Ω–Ω—É—é/–¥—Ä—É–≥—É—é —Å–∏—Å—Ç–µ–º—É –µ–≥–æ –Ω–µ–æ–±—Ö–æ–¥–∏–º–æ —Ä–∞—Å—à–∏—Ñ—Ä–æ–≤–∞—Ç—å. –î–ª—è —ç—Ç–æ–≥–æ –≤ –∫–æ–º–∞–Ω–¥–µ gpg —Å –ø–æ–º–æ—â—å—é –æ–ø—Ü–∏–∏ -o —É–∫–∞–∑—ã–≤–∞–µ–º –∏–º—è –¥–ª—è —Ñ–∞–π–ª–∞, –∫–æ—Ç–æ—Ä–æ–µ –±—É–¥–µ—Ç –ø–æ—Å–ª–µ —Ä–∞—Å—à–∏—Ñ—Ä–æ–≤–∫–∏, –∞ —Å –ø–æ–º–æ—â—å—é –æ–ø—Ü–∏–∏ -d —É–∫–∞–∑—ã–≤–∞–µ–º –∑–∞—à–∏—Ñ—Ä–æ–≤–∞–Ω–Ω—ã–π —Ñ–∞–π–ª, –∫–æ—Ç–æ—Ä—ã–π –±—É–¥–µ–º —Ä–∞—Å—à–∏—Ñ—Ä–æ–≤—ã–≤–∞—Ç—å.
Decision:
# ls -l
    -rwxrwx--- 1 linux linux   103 –∞–ø—Ä 16 05:44  myfile.txt.gpg
# cat myfile.txt.gpg
    ÔøΩÔøΩ%ÔøΩÔøΩAÔøΩÔøΩÔøΩVÔøΩOÔøΩÔøΩŒ∫QÔøΩÔøΩSÔøΩÔøΩgjÔøΩVyvÔøΩÔøΩc∆íÔøΩ]ÔøΩÔøΩ$[)8ÔøΩ]lÔøΩÔøΩSÔøΩwÔøΩZÔøΩÔøΩÔøΩ»ùÔøΩÔøΩÔøΩ<ÔøΩnÔøΩRÔøΩÔøΩyÔøΩ`W7'ÔøΩFÔøΩ‚¨öÔøΩmÔøΩÔøΩÔøΩ
# gpg -o myfile -d myfile.txt.gpg
gpg: –í–Ω–∏–º–∞–Ω–∏–µ: –Ω–µ–±–µ–∑–æ–ø–∞—Å–Ω—ã–π –≤–ª–∞–¥–µ–ª–µ—Ü –¥–æ–º–∞—à–Ω–µ–≥–æ –∫–∞—Ç–∞–ª–æ–≥–∞ '/home/linux/.gnupg'
gpg: –¥–∞–Ω–Ω—ã–µ –∑–∞—à–∏—Ñ—Ä–æ–≤–∞–Ω—ã –∞–ª–≥–æ—Ä–∏—Ç–º–æ–º AES
gpg: –∑–∞—à–∏—Ñ—Ä–æ–≤–∞–Ω–æ –æ–¥–Ω–æ–π —Ñ—Ä–∞–∑–æ–π-–ø–∞—Ä–æ–ª–µ–º
# ls -l
    -rw-r--r-- 1 root  root     49 –∞–ø—Ä 16 06:04  myfile
    -rwxrwx--- 1 linux linux   103 –∞–ø—Ä 16 05:44  myfile.txt.gpg
Task:
–ü—Ä–æ–≤–µ—Ä–∏–º —Å–æ–¥–µ—Ä–∂–∏–º–æ–µ —Ñ–∞–π–ª–∞. –ö–∞–∫ –≤–∏–¥–∏–º, —ç—Ç–æ –¥–µ–π—Å—Ç–≤–∏—Ç–µ–ª—å–Ω–æ –æ—Ä–∏–≥–∏–Ω–∞–ª—å–Ω—ã–π —Ñ–∞–π–ª —Å –ø–µ—Ä–≤–æ–π –º–∞—à–∏–Ω—ã Centos.
Decision:
# cat myfile
    --------SECRTET!!-------
    ---------=)------------
Task:
–ò—Å–ø–æ–ª—å–∑–æ–≤–∞–Ω–∏–µ –∞—Å–∏–º–º–µ—Ç—Ä–∏—á–Ω–æ–≥–æ —à–∏—Ñ—Ä–æ–≤–∞–Ω–∏—è –Ω–∞—á–∏–Ω–∞–µ—Ç—Å—è —Å –≥–µ–Ω–µ—Ä–∞—Ü–∏–∏ –ø–∞—Ä—ã –∫–ª—é—á–µ–π ‚Äî –æ—Ç–∫—Ä—ã—Ç–æ–≥–æ –∏ —Å–µ–∫—Ä–µ—Ç–Ω–æ–≥–æ. –î–ª—è —ç—Ç–æ–≥–æ –∏—Å–ø–æ–ª—å–∑—É–µ—Ç—Å—è –∫–æ–º–∞–Ω–¥–∞ gpg —Å –æ–ø—Ü–∏–µ–π --gen-key:
Decision:
# gpg --gen-key
    gpg (GnuPG) 2.2.9; Copyright (C) 2018 Free Software Foundation, Inc.
    This is free software: you are free to change and redistribute it.
    There is NO WARRANTY, to the extent permitted by law.
    gpg: —Å–æ–∑–¥–∞–Ω –∫–∞—Ç–∞–ª–æ–≥ '/root/.gnupg'
    gpg: —Å–æ–∑–¥–∞–Ω —â–∏—Ç —Å –∫–ª—é—á–∞–º–∏ '/root/.gnupg/pubring.kbx'
    –ó–∞–º–µ—á–∞–Ω–∏–µ: "gpg --full-generate-key" –≤—ã–∑—ã–≤–∞–µ—Ç –ø–æ–ª–Ω–æ—Ñ—É–Ω–∫—Ü–∏–æ–Ω–∞–ª—å–Ω—ã–π –¥–∏–∞–ª–æ–≥ —Å–æ–∑–¥–∞–Ω–∏—è –∫–ª—é—á–∞.
    GnuPG –¥–æ–ª–∂–µ–Ω —Å–æ—Å—Ç–∞–≤–∏—Ç—å –∏–¥–µ–Ω—Ç–∏—Ñ–∏–∫–∞—Ç–æ—Ä –ø–æ–ª—å–∑–æ–≤–∞—Ç–µ–ª—è –¥–ª—è –∏–¥–µ–Ω—Ç–∏—Ñ–∏–∫–∞—Ü–∏–∏ –∫–ª—é—á–∞.
    –í–∞—à–µ –ø–æ–ª–Ω–æ–µ –∏–º—è: Admin3
    –ê–¥—Ä–µ—Å —ç–ª–µ–∫—Ç—Ä–æ–Ω–Ω–æ–π –ø–æ—á—Ç—ã: testAdmin3@mail.ru
    –í—ã –≤—ã–±—Ä–∞–ª–∏ —Å–ª–µ–¥—É—é—â–∏–π –∏–¥–µ–Ω—Ç–∏—Ñ–∏–∫–∞—Ç–æ—Ä –ø–æ–ª—å–∑–æ–≤–∞—Ç–µ–ª—è:
        "Admin3 <testAdmin3@mail.ru>"
    –°–º–µ–Ω–∏—Ç—å (N)–ò–º—è, (E)–ê–¥—Ä–µ—Å; (O)–ü—Ä–∏–Ω—è—Ç—å/(Q)–í—ã—Ö–æ–¥? o
    –ù–µ–æ–±—Ö–æ–¥–∏–º–æ –ø–æ–ª—É—á–∏—Ç—å –º–Ω–æ–≥–æ —Å–ª—É—á–∞–π–Ω—ã—Ö —á–∏—Å–µ–ª. –ñ–µ–ª–∞—Ç–µ–ª—å–Ω–æ, —á—Ç–æ–±—ã –í—ã
    –≤ –ø—Ä–æ—Ü–µ—Å—Å–µ –≥–µ–Ω–µ—Ä–∞—Ü–∏–∏ –≤—ã–ø–æ–ª–Ω—è–ª–∏ –∫–∞–∫–∏–µ-—Ç–æ –¥—Ä—É–≥–∏–µ –¥–µ–π—Å—Ç–≤–∏—è (–ø–µ—á–∞—Ç—å
    –Ω–∞ –∫–ª–∞–≤–∏–∞—Ç—É—Ä–µ, –¥–≤–∏–∂–µ–Ω–∏—è –º—ã—à–∏, –æ–±—Ä–∞—â–µ–Ω–∏—è –∫ –¥–∏—Å–∫–∞–º); —ç—Ç–æ –¥–∞—Å—Ç –≥–µ–Ω–µ—Ä–∞—Ç–æ—Ä—É
    —Å–ª—É—á–∞–π–Ω—ã—Ö —á–∏—Å–µ–ª –±–æ–ª—å—à–µ –≤–æ–∑–º–æ–∂–Ω–æ—Å—Ç–µ–π –ø–æ–ª—É—á–∏—Ç—å –¥–æ—Å—Ç–∞—Ç–æ—á–Ω–æ–µ –∫–æ–ª–∏—á–µ—Å—Ç–≤–æ —ç–Ω—Ç—Ä–æ–ø–∏–∏.
    –ù–µ–æ–±—Ö–æ–¥–∏–º–æ –ø–æ–ª—É—á–∏—Ç—å –º–Ω–æ–≥–æ —Å–ª—É—á–∞–π–Ω—ã—Ö —á–∏—Å–µ–ª. –ñ–µ–ª–∞—Ç–µ–ª—å–Ω–æ, —á—Ç–æ–±—ã –í—ã
    –≤ –ø—Ä–æ—Ü–µ—Å—Å–µ –≥–µ–Ω–µ—Ä–∞—Ü–∏–∏ –≤—ã–ø–æ–ª–Ω—è–ª–∏ –∫–∞–∫–∏–µ-—Ç–æ –¥—Ä—É–≥–∏–µ –¥–µ–π—Å—Ç–≤–∏—è (–ø–µ—á–∞—Ç—å
    –Ω–∞ –∫–ª–∞–≤–∏–∞—Ç—É—Ä–µ, –¥–≤–∏–∂–µ–Ω–∏—è –º—ã—à–∏, –æ–±—Ä–∞—â–µ–Ω–∏—è –∫ –¥–∏—Å–∫–∞–º); —ç—Ç–æ –¥–∞—Å—Ç –≥–µ–Ω–µ—Ä–∞—Ç–æ—Ä—É
    —Å–ª—É—á–∞–π–Ω—ã—Ö —á–∏—Å–µ–ª –±–æ–ª—å—à–µ –≤–æ–∑–º–æ–∂–Ω–æ—Å—Ç–µ–π –ø–æ–ª—É—á–∏—Ç—å –¥–æ—Å—Ç–∞—Ç–æ—á–Ω–æ–µ –∫–æ–ª–∏—á–µ—Å—Ç–≤–æ —ç–Ω—Ç—Ä–æ–ø–∏–∏.
    gpg: /root/.gnupg/trustdb.gpg: —Å–æ–∑–¥–∞–Ω–∞ —Ç–∞–±–ª–∏—Ü–∞ –¥–æ–≤–µ—Ä–∏—è
    gpg: –∫–ª—é—á 8EAEFED2A8D76C1E –ø–æ–º–µ—á–µ–Ω –∫–∞–∫ –∞–±—Å–æ–ª—é—Ç–Ω–æ –¥–æ–≤–µ—Ä–µ–Ω–Ω—ã–π
    gpg: —Å–æ–∑–¥–∞–Ω –∫–∞—Ç–∞–ª–æ–≥ '/root/.gnupg/openpgp-revocs.d'
    gpg: —Å–µ—Ä—Ç–∏—Ñ–∏–∫–∞—Ç –æ—Ç–∑—ã–≤–∞ –∑–∞–ø–∏—Å–∞–Ω –≤ '/root/.gnupg/openpgp-revocs.d/CDEA2870E05BF3969EFC7CA18EAEFED2A8D76C1E.rev'.
    –æ—Ç–∫—Ä—ã—Ç—ã–π –∏ —Å–µ–∫—Ä–µ—Ç–Ω—ã–π –∫–ª—é—á–∏ —Å–æ–∑–¥–∞–Ω—ã –∏ –ø–æ–¥–ø–∏—Å–∞–Ω—ã.
    pub   rsa2048 2020-04-16 [SC] [   –≥–æ–¥–µ–Ω –¥–æ: 2022-04-16]
          CDEA2870E05BF3969EFC7CA18EAEFED2A8D76C1E
    uid                      Admin3 <testAdmin3@mail.ru>
    sub   rsa2048 2020-04-16 [E] [   –≥–æ–¥–µ–Ω –¥–æ: 2022-04-16]
Task:
–£–∫–∞–∑—ã–≤–∞–µ–º –∏–¥–µ–Ω—Ç–∏—Ñ–∏–∫–∞—Ü–∏–æ–Ω–Ω—ã–π –Ω–æ–º–µ—Ä –¥–ª—è –∫–ª—é—á–∞, –ø–æ –∫–æ—Ç–æ—Ä–æ–º—É –µ–≥–æ –º–æ–∂–Ω–æ –±—É–¥–µ—Ç –æ—Ç–ª–∏—á–∏—Ç—å –æ—Ç –¥—Ä—É–≥–∏—Ö. –û–±—ã—á–Ω–æ —ç—Ç–æ –∏–º—è –∏ e-mail –∞–¥—Ä–µ—Å –≤–ª–∞–¥–µ–ª—å—Ü–∞ –∫–ª—é—á–∞. –ù–µ –≤—Å–µ–≥–¥–∞ –ø—Ä–æ—Ü–µ—Å—Å –≥–µ–Ω–µ—Ä–∞—Ü–∏–∏ –∫–ª—é—á–∞ –∏–¥–µ—Ç –≥–ª–∞–¥–∫–æ, —á—Ç–æ–±—ã —ç—Ç–æ –∏—Å–ø—Ä–∞–≤–∏—Ç—å –Ω—É–∂–Ω–æ –µ—â–µ –æ–¥–∏–Ω –∫–æ–Ω—Å–æ–ª—å –æ—Ç–∫—Ä—ã—Ç—å –∏ —Å–¥–µ–ª–∞—Ç—å –∞–∫—Ç–∏–≤–Ω–æ—Å—Ç—å –≤ —Å–∏—Å—Ç–µ–º–µ. –≠—Ç–æ –¥–ª—è —Ç–µ—Ö —É –∫–æ–≥–æ –∫–æ–Ω—Å–æ–ª—å–Ω–∞—è —Å–∏—Å—Ç–µ–º–∞. –ê –µ—Å–ª–∏ —É –≤–∞—Å –≥—Ä–∞—Ñ–∏—á–µ—Å–∫–∏–π –∏–Ω—Ç–µ—Ä—Ñ–µ–π—Å, –º–æ–∂–µ—Ç–µ –ø—Ä–æ—Å—Ç–æ –º—ã—à–∫–æ–π –ø–æ—Ç—ã–∫–∞—Ç—å. –ü–æ—Å–ª–µ —ç—Ç–æ–≥–æ –¥–æ–ª–∂–Ω–æ –ø–æ–π—Ç–∏ –ø—Ä–æ—Ü–µ—Å—Å –≥–µ–Ω–µ—Ä–∞—Ü–∏–∏. –ü–æ—Å–ª–µ —ç—Ç–æ–≥–æ –≤ –∫–∞—Ç–∞–ª–æ–≥–µ ~/.gnupg/ –±—É–¥—É—Ç —Å–æ–∑–¥–∞–Ω—ã —Å–æ–æ—Ç–≤–µ—Ç—Å—Ç–≤—É—é—â–∏–µ —Ñ–∞–π–ª—ã.
Decision:
ls -liR /usr/
ls -l ~/.gnupg/
Task:
–ü–æ—Å–º–æ—Ç—Ä–µ—Ç—å –∫–ª—é—á–∏ –º–æ–∂–Ω–æ –∫–æ–º–∞–Ω–¥–æ–π gpg —Å –æ–ø—Ü–∏–µ–π --list-keys
Decision:
# gpg --list-keys
    gpg: –ø—Ä–æ–≤–µ—Ä–∫–∞ —Ç–∞–±–ª–∏—Ü—ã –¥–æ–≤–µ—Ä–∏—è
    gpg: marginals needed: 3  completes needed: 1  trust model: pgp
    gpg: –≥–ª—É–±–∏–Ω–∞: 0  –¥–æ—Å—Ç–æ–≤–µ—Ä–Ω—ã—Ö:   1  –ø–æ–¥–ø–∏—Å–∞–Ω–Ω—ã—Ö:   0  –¥–æ–≤–µ—Ä–∏–µ: 0-, 0q, 0n, 0m, 0f, 1u
    gpg: —Å—Ä–æ–∫ —Å–ª–µ–¥—É—é—â–µ–π –ø—Ä–æ–≤–µ—Ä–∫–∏ —Ç–∞–±–ª–∏—Ü—ã –¥–æ–≤–µ—Ä–∏—è 2022-04-16
    /root/.gnupg/pubring.kbx
    ------------------------
    pub   rsa2048 2020-04-16 [SC] [   –≥–æ–¥–µ–Ω –¥–æ: 2022-04-16]
          CDEA2870E05BF3969EFC7CA18EAEFED2A8D76C1E
    uid         [  –∞–±—Å–æ–ª—é—Ç–Ω–æ ] Admin3 <testAdmin3@mail.ru>
    sub   rsa2048 2020-04-16 [E] [   –≥–æ–¥–µ–Ω –¥–æ: 2022-04-16]
Task:
–ü–µ—Ä–µ–¥ –∏—Å–ø–æ–ª—å–∑–æ–≤–∞–Ω–∏–µ–º –≤–∞—à–µ–≥–æ –ø—É–±–ª–∏—á–Ω–æ–≥–æ –∫–ª—é—á–∞ –¥—Ä—É–≥–∏–º–∏ –ø–æ–ª—å–∑–æ–≤–∞—Ç–µ–ª—è–º–∏ –µ–≥–æ –Ω–µ–æ–±—Ö–æ–¥–∏–º–æ —ç–∫—Å–ø–æ—Ä—Ç–∏—Ä–æ–≤–∞—Ç—å. –ü–æ —É–º–æ–ª—á–∞–Ω–∏—é –∫–ª—é—á —ç–∫—Å–ø–æ—Ä—Ç–∏—Ä—É–µ—Ç—Å—è –≤ –±–∏–Ω–∞—Ä–Ω–æ–º —Ñ–æ—Ä–º–∞—Ç–µ, —á—Ç–æ –Ω–µ –≤—Å–µ–≥–¥–∞ —É–¥–æ–±–Ω–æ. –° –ø–æ–º–æ—â—å—é –æ–ø—Ü–∏–∏ --armor –º—ã –ø–æ–ª—É—á–∏–º –Ω–∞—à –ø—É–±–ª–∏—á–Ω—ã–π –∫–ª—é—á –Ω–∞ –∫–æ–Ω—Å–æ–ª—å, –æ—Ç–∫—É–¥–∞ –µ–≥–æ –º–æ–∂–Ω–æ —Å–∫–æ–ø–∏—Ä–æ–≤–∞—Ç—å –∏ –æ—Ç–ø—Ä–∞–≤–∏—Ç—å –ø–æ –ø–æ—á—Ç–µ –∏–ª–∏ –≤—ã–ª–æ–∂–∏—Ç—å –Ω–∞ —Å–≤–æ–π —Å–∞–π—Ç.
Decision:
# gpg --armor --export Admin3
    -----BEGIN PGP PUBLIC KEY BLOCK-----
    mQENBF6X83gBCACxdea4V0yruICk52BJ4/+i2h7iTLHSBINl4rDFWtFhYYDIjFAs
    BbW3tVT5Pd+vXQyFUD/fedP4n36OY8IrJB44jFGWZysuWYy4+WAQ0gyJh3GbkW6D
    QZ5QFOK3XHcijhK1ejCIWH6qPoVmLuY3KKKqb7Cm8Ufr06mhDO6hNVIPI62/2liv
    ws4g8HYRFqJvif1uhAvPZZUUwIckDnZnxci42wNgsgmVlo9DfXw919Y5M935jySY
    caTk5+yht4DzjwZzFz4cYaNUU1CPudG8rcoWemfiWvtCWwB8RD++chsO+JWizk6l
    PMnqUMq+ZxVIbpBZzPHccW5nLr/MINQ2KxzBABEBAAG0G0FkbWluMyA8dGVzdEFk
    bWluM0BtYWlsLnJ1PokBVAQTAQgAPhYhBM3qKHDgW/OWnvx8oY6u/tKo12weBQJe
    l/N4AhsDBQkDwmcABQsJCAcCBhUKCQgLAgQWAgMBAstrongBAheAAAoJEI6u/tKo12we
    roAIAI/v3/JkkBHDD9QjvHicooo60R52+U+Xdpr5gYnfMUgEPOjHQFwgrhXgvQrT
    Pxf4DMUa1TlbrEgThvOb+y4Q6P22jR7Nc/uy6ZIFsUPWif96kYoyKZX9tlvxXMmV
    IqbSrWdxF6rsEs/CaXKLNRj1bCwb8UPkDODlt1yv/A7Td0mhbKGgISXhZZYMgN6Q
    nrTwZoBZw65cCfGDGGjgGUYZkEZA0Lyke2quTxZjdkq4PHPSThX/eiTjHYgMY95r
    ScJDIMWpnJVeG3wDmWMXwOm+mCZKuRinvUGlyCDkzGDloV0O63FNDKaA1x6wIAyv
    Z8FLXUC0VNI7ZjfDVplUTkH5rHe5AQ0EXpfzeAEIAP6hXCx+24fXfzhOHjb/CVlY
    T7mVDzeWItkQ6gLfoBcidfMLA9pzx6IlchbCzbLGvZEQmpMFilkOGw6Et+2Nw6AG
    RMNRlgZ+PXptlElWTR4mnube5AODBPw+OwUsqogW9V+MSXFA7U6Cia+88jTFE8Zp
    9LJsdNM8vbYgS+X1vTJBLtO1cUQS/8B5ndvKJds5aqC/Lw7JA2UqIU1Eu9BenKKG
    h5NdVbwHwwAiYrYjSr0a/Gl2NPSqo1tfVSDhxkHBe8m+VZt7NffpDMYDdAgfk3At
    8WtuuwMRbVehMRcij8wdSOhVbBXtB5x86biqjKD+7QRM7iPFmIAii6uSsDGTik8A
    EQEAAYkBPAQYAQgAJhYhBM3qKHDgW/OWnvx8oY6u/tKo12weBQJel/N4AhsMBQkD
    wmcAAAoJEI6u/tKo12wevkkIAIL4tg4xRAbL1kDH2u01++3q4dc76JmwV96BuIe0
    O3BdsT8c0zdRRamfRNghI8SHxR42uXg+GnMrNOqOC9FQ7Fpd5Q3+XQxvEjGNrctN
    4YkwjTWQLstrongM8psB7L4fshXK/dEVlm9IGD3Y47+2K3Hrt13Ttt8DQmnTZEjPr3bZ
    29VeUWOqy/UV0ULxKYFqxHuIWmBycW4A3usLm4a0UGm6S6Z/5Yz0xdSIuvXD/2Rc
    CYyxynbLeIxw29LYqLBWATEfJQTkr0jJjkjDSWUd82nSSp9iSdhCQiVN7ytHgbxR
    ms4UCJxlkE2uoZ/VNMKoxFCLWdEsK3mI+f8BtCr2SmQwObY=
    =ooVe
    -----END PGP PUBLIC KEY BLOCK-----
Task:
–í —É–¥–∞–ª–µ–Ω–Ω–æ–π —Å–∏—Å—Ç–µ–º–µ –∏–º–ø–æ—Ä—Ç–∏—Ä—É–µ–º –ø—É–±–ª–∏—á–Ω—ã–π –∫–ª—é—á, —á—Ç–æ–±—ã –º—ã –µ–≥–æ –º–æ–≥–ª–∏ –∏—Å–ø–æ–ª—å–∑–æ–≤–∞—Ç—å. –î–ª—è —ç—Ç–æ–≥–æ —Ç–µ–∫—Å—Ç –ø—É–±–ª–∏—á–Ω–æ–≥–æ –∫–ª—é—á–∞ —Å–æ—Ö—Ä–∞–Ω—è–µ–º –≤ —Ç–µ–∫—Å—Ç–æ–≤—ã–π —Ñ–∞–π–ª –∏ –ø–µ—Ä–µ–¥–∞–µ–º –≤ –∫–∞—á–µ—Å—Ç–≤–µ –∞—Ä–≥—É–º–µ–Ω—Ç–∞ –∫–æ–º–∞–Ω–¥–µ gpg. –≤—Å—Ç–∞–≤–ª—è–µ–º —Å–∫–æ–ø–∏—Ä–æ–≤–∞–Ω–Ω—ã–π –ø—É–±–ª–∏—á–Ω—ã–π –∫–ª—é—á
Decision:
# vim box-key
# cat box-key
    -----BEGIN PGP PUBLIC KEY BLOCK-----
    mQENBF6X83gBCACxdea4V0yruICk52BJ4/+i2h7iTLHSBINl4rDFWtFhYYDIjFAs
    BbW3tVT5Pd+vXQyFUD/fedP4n36OY8IrJB44jFGWZysuWYy4+WAQ0gyJh3GbkW6D
    QZ5QFOK3XHcijhK1ejCIWH6qPoVmLuY3KKKqb7Cm8Ufr06mhDO6hNVIPI62/2liv
    ws4g8HYRFqJvif1uhAvPZZUUwIckDnZnxci42wNgsgmVlo9DfXw919Y5M935jySY
    caTk5+yht4DzjwZzFz4cYaNUU1CPudG8rcoWemfiWvtCWwB8RD++chsO+JWizk6l
    PMnqUMq+ZxVIbpBZzPHccW5nLr/MINQ2KxzBABEBAAG0G0FkbWluMyA8dGVzdEFk
    bWluM0BtYWlsLnJ1PokBVAQTAQgAPhYhBM3qKHDgW/OWnvx8oY6u/tKo12weBQJe
    l/N4AhsDBQkDwmcABQsJCAcCBhUKCQgLAgQWAgMBAstrongBAheAAAoJEI6u/tKo12we
    roAIAI/v3/JkkBHDD9QjvHicooo60R52+U+Xdpr5gYnfMUgEPOjHQFwgrhXgvQrT
    Pxf4DMUa1TlbrEgThvOb+y4Q6P22jR7Nc/uy6ZIFsUPWif96kYoyKZX9tlvxXMmV
    IqbSrWdxF6rsEs/CaXKLNRj1bCwb8UPkDODlt1yv/A7Td0mhbKGgISXhZZYMgN6Q
    nrTwZoBZw65cCfGDGGjgGUYZkEZA0Lyke2quTxZjdkq4PHPSThX/eiTjHYgMY95r
    ScJDIMWpnJVeG3wDmWMXwOm+mCZKuRinvUGlyCDkzGDloV0O63FNDKaA1x6wIAyv
    Z8FLXUC0VNI7ZjfDVplUTkH5rHe5AQ0EXpfzeAEIAP6hXCx+24fXfzhOHjb/CVlY
    T7mVDzeWItkQ6gLfoBcidfMLA9pzx6IlchbCzbLGvZEQmpMFilkOGw6Et+2Nw6AG
    RMNRlgZ+PXptlElWTR4mnube5AODBPw+OwUsqogW9V+MSXFA7U6Cia+88jTFE8Zp
    9LJsdNM8vbYgS+X1vTJBLtO1cUQS/8B5ndvKJds5aqC/Lw7JA2UqIU1Eu9BenKKG
    h5NdVbwHwwAiYrYjSr0a/Gl2NPSqo1tfVSDhxkHBe8m+VZt7NffpDMYDdAgfk3At
    8WtuuwMRbVehMRcij8wdSOhVbBXtB5x86biqjKD+7QRM7iPFmIAii6uSsDGTik8A
    EQEAAYkBPAQYAQgAJhYhBM3qKHDgW/OWnvx8oY6u/tKo12weBQJel/N4AhsMBQkD
    wmcAAAoJEI6u/tKo12wevkkIAIL4tg4xRAbL1kDH2u01++3q4dc76JmwV96BuIe0
    O3BdsT8c0zdRRamfRNghI8SHxR42uXg+GnMrNOqOC9FQ7Fpd5Q3+XQxvEjGNrctN
    4YkwjTWQLstrongM8psB7L4fshXK/dEVlm9IGD3Y47+2K3Hrt13Ttt8DQmnTZEjPr3bZ
    29VeUWOqy/UV0ULxKYFqxHuIWmBycW4A3usLm4a0UGm6S6Z/5Yz0xdSIuvXD/2Rc
    CYyxynbLeIxw29LYqLBWATEfJQTkr0jJjkjDSWUd82nSSp9iSdhCQiVN7ytHgbxR
    ms4UCJxlkE2uoZ/VNMKoxFCLWdEsK3mI+f8BtCr2SmQwObY=
    =ooVe
    -----END PGP PUBLIC KEY BLOCK-----
# ls -l
    -rw-r--r-- 1 root  root   1753 –∞–ø—Ä 16 09:02  box-key
# gpg --gen-key
    gpg: –í–Ω–∏–º–∞–Ω–∏–µ: –Ω–µ–±–µ–∑–æ–ø–∞—Å–Ω—ã–π –≤–ª–∞–¥–µ–ª–µ—Ü –¥–æ–º–∞—à–Ω–µ–≥–æ –∫–∞—Ç–∞–ª–æ–≥–∞ '/home/linux/.gnupg'
    gpg (GnuPG) 2.2.4; Copyright (C) 2017 Free Software Foundation, Inc.
    This is free software: you are free to change and redistribute it.
    There is NO WARRANTY, to the extent permitted by law.
    –ó–∞–º–µ—á–∞–Ω–∏–µ: "gpg --full-generate-key" –≤—ã–∑—ã–≤–∞–µ—Ç –ø–æ–ª–Ω–æ—Ñ—É–Ω–∫—Ü–∏–æ–Ω–∞–ª—å–Ω—ã–π –¥–∏–∞–ª–æ–≥ —Å–æ–∑–¥–∞–Ω–∏—è –∫–ª—é—á–∞.
    GnuPG –¥–æ–ª–∂–µ–Ω —Å–æ—Å—Ç–∞–≤–∏—Ç—å –∏–¥–µ–Ω—Ç–∏—Ñ–∏–∫–∞—Ç–æ—Ä –ø–æ–ª—å–∑–æ–≤–∞—Ç–µ–ª—è –¥–ª—è –∏–¥–µ–Ω—Ç–∏—Ñ–∏–∫–∞—Ü–∏–∏ –∫–ª—é—á–∞.
    –í–∞—à–µ –ø–æ–ª–Ω–æ–µ –∏–º—è: Client1
    –ê–¥—Ä–µ—Å —ç–ª–µ–∫—Ç—Ä–æ–Ω–Ω–æ–π –ø–æ—á—Ç—ã: testClient1@mail.ru
    –í—ã –≤—ã–±—Ä–∞–ª–∏ —Å–ª–µ–¥—É—é—â–∏–π –∏–¥–µ–Ω—Ç–∏—Ñ–∏–∫–∞—Ç–æ—Ä –ø–æ–ª—å–∑–æ–≤–∞—Ç–µ–ª—è:
        "Client1 <testClient1@mail.ru>"
    –°–º–µ–Ω–∏—Ç—å (N)–ò–º—è, (E)–ê–¥—Ä–µ—Å; (O)–ü—Ä–∏–Ω—è—Ç—å/(Q)–í—ã—Ö–æ–¥? o
    –ù–µ–æ–±—Ö–æ–¥–∏–º–æ –ø–æ–ª—É—á–∏—Ç—å –º–Ω–æ–≥–æ —Å–ª—É—á–∞–π–Ω—ã—Ö —á–∏—Å–µ–ª. –ñ–µ–ª–∞—Ç–µ–ª—å–Ω–æ, —á—Ç–æ–±—ã –í—ã
    –≤ –ø—Ä–æ—Ü–µ—Å—Å–µ –≥–µ–Ω–µ—Ä–∞—Ü–∏–∏ –≤—ã–ø–æ–ª–Ω—è–ª–∏ –∫–∞–∫–∏–µ-—Ç–æ –¥—Ä—É–≥–∏–µ –¥–µ–π—Å—Ç–≤–∏—è (–ø–µ—á–∞—Ç—å
    –Ω–∞ –∫–ª–∞–≤–∏–∞—Ç—É—Ä–µ, –¥–≤–∏–∂–µ–Ω–∏—è –º—ã—à–∏, –æ–±—Ä–∞—â–µ–Ω–∏—è –∫ –¥–∏—Å–∫–∞–º); —ç—Ç–æ –¥–∞—Å—Ç –≥–µ–Ω–µ—Ä–∞—Ç–æ—Ä—É
    —Å–ª—É—á–∞–π–Ω—ã—Ö —á–∏—Å–µ–ª –±–æ–ª—å—à–µ –≤–æ–∑–º–æ–∂–Ω–æ—Å—Ç–µ–π –ø–æ–ª—É—á–∏—Ç—å –¥–æ—Å—Ç–∞—Ç–æ—á–Ω–æ–µ –∫–æ–ª–∏—á–µ—Å—Ç–≤–æ —ç–Ω—Ç—Ä–æ–ø–∏–∏.
    –ù–µ–æ–±—Ö–æ–¥–∏–º–æ –ø–æ–ª—É—á–∏—Ç—å –º–Ω–æ–≥–æ —Å–ª—É—á–∞–π–Ω—ã—Ö —á–∏—Å–µ–ª. –ñ–µ–ª–∞—Ç–µ–ª—å–Ω–æ, —á—Ç–æ–±—ã –í—ã
    –≤ –ø—Ä–æ—Ü–µ—Å—Å–µ –≥–µ–Ω–µ—Ä–∞—Ü–∏–∏ –≤—ã–ø–æ–ª–Ω—è–ª–∏ –∫–∞–∫–∏–µ-—Ç–æ –¥—Ä—É–≥–∏–µ –¥–µ–π—Å—Ç–≤–∏—è (–ø–µ—á–∞—Ç—å
    –Ω–∞ –∫–ª–∞–≤–∏–∞—Ç—É—Ä–µ, –¥–≤–∏–∂–µ–Ω–∏—è –º—ã—à–∏, –æ–±—Ä–∞—â–µ–Ω–∏—è –∫ –¥–∏—Å–∫–∞–º); —ç—Ç–æ –¥–∞—Å—Ç –≥–µ–Ω–µ—Ä–∞—Ç–æ—Ä—É
    —Å–ª—É—á–∞–π–Ω—ã—Ö —á–∏—Å–µ–ª –±–æ–ª—å—à–µ –≤–æ–∑–º–æ–∂–Ω–æ—Å—Ç–µ–π –ø–æ–ª—É—á–∏—Ç—å –¥–æ—Å—Ç–∞—Ç–æ—á–Ω–æ–µ –∫–æ–ª–∏—á–µ—Å—Ç–≤–æ —ç–Ω—Ç—Ä–æ–ø–∏–∏.
    gpg: –∫–ª—é—á 05A2E96C7147C8B8 –ø–æ–º–µ—á–µ–Ω –∫–∞–∫ –∞–±—Å–æ–ª—é—Ç–Ω–æ –¥–æ–≤–µ—Ä–µ–Ω–Ω—ã–π
    gpg: —Å–æ–∑–¥–∞–Ω –∫–∞—Ç–∞–ª–æ–≥ '/home/linux/.gnupg/openpgp-revocs.d'
    gpg: —Å–µ—Ä—Ç–∏—Ñ–∏–∫–∞—Ç –æ—Ç–∑—ã–≤–∞ –∑–∞–ø–∏—Å–∞–Ω –≤ '/home/linux/.gnupg/openpgp-revocs.d/C0A7FE019BB0D430C465CBCA05A2E96C7147C8B8.rev'.
    –æ—Ç–∫—Ä—ã—Ç—ã–π –∏ —Å–µ–∫—Ä–µ—Ç–Ω—ã–π –∫–ª—é—á–∏ —Å–æ–∑–¥–∞–Ω—ã –∏ –ø–æ–¥–ø–∏—Å–∞–Ω—ã.
    pub   rsa3072 2020-04-16 [SC] [–≥–æ–¥–µ–Ω –¥–æ: 2022-04-16]
          C0A7FE019BB0D430C465CBCA05A2E96C7147C8B8
    uid                      Client1 <testClient1@mail.ru>
    sub   rsa3072 2020-04-16 [E] [–≥–æ–¥–µ–Ω –¥–æ: 2022-04-16]
# gpg --import box-key
    gpg: –í–Ω–∏–º–∞–Ω–∏–µ: –Ω–µ–±–µ–∑–æ–ø–∞—Å–Ω—ã–π –≤–ª–∞–¥–µ–ª–µ—Ü –¥–æ–º–∞—à–Ω–µ–≥–æ –∫–∞—Ç–∞–ª–æ–≥–∞ '/home/linux/.gnupg'
    gpg: –∫–ª—é—á 8EAEFED2A8D76C1E: –∏–º–ø–æ—Ä—Ç–∏—Ä–æ–≤–∞–Ω –æ—Ç–∫—Ä—ã—Ç—ã–π –∫–ª—é—á "Admin3 <testAdmin3@mail.ru>"
    gpg: –í—Å–µ–≥–æ –æ–±—Ä–∞–±–æ—Ç–∞–Ω–æ: 1
    gpg:               –∏–º–ø–æ—Ä—Ç–∏—Ä–æ–≤–∞–Ω–æ: 1
Task:
–ü–æ—Å–ª–µ –∏–º–ø–æ—Ä—Ç–∞ –º–æ–∂–Ω–æ —É–±–µ–¥–∏—Ç—å—Å—è, —á—Ç–æ –∫–ª—é—á –¥–µ–π—Å—Ç–≤–∏—Ç–µ–ª—å–Ω–æ –±—ã–ª –∏–º–ø–æ—Ä—Ç–∏—Ä–æ–≤–∞–Ω. –¥–æ–ª–∂–µ–Ω –±—ã—Ç—å Dmitry –∏ Eugeny. –î–ª—è —ç—Ç–æ–≥–æ –∏—Å–ø–æ–ª—å–∑—É–µ—Ç—Å—è –∫–æ–º–∞–Ω–¥–∞ gpg --list-keys. A –ü–æ—Å–ª–µ –∏–º–ø–æ—Ä—Ç–∞ –∫–ª—é—á–∞ –µ–≥–æ –Ω–µ–æ–±—Ö–æ–¥–∏–º–æ –∞–∫—Ç–∏–≤–∏—Ä–æ–≤–∞—Ç—å, –∞ –¥–ª—è —ç—Ç–æ–≥–æ –Ω–µ–æ–±—Ö–æ–¥–∏–º–æ –ø–µ—Ä–µ–π—Ç–∏ –≤ —Ä–µ–∂–∏–º —Ä–µ–¥–∞–∫—Ç–∏—Ä–æ–≤–∞–Ω–∏—è —ç—Ç–æ–≥–æ –∫–ª—é—á–∞. –í—ã –ø–æ–ø–∞–¥–µ—Ç–µ –≤ —Å–ø–µ—Ü–∏–∞–ª—å–Ω—ã–π –∏–Ω—Ç–µ—Ä—Ñ–µ–π—Å.
Decision:
# gpg --list-keys
    gpg: –í–Ω–∏–º–∞–Ω–∏–µ: –Ω–µ–±–µ–∑–æ–ø–∞—Å–Ω—ã–π –≤–ª–∞–¥–µ–ª–µ—Ü –¥–æ–º–∞—à–Ω–µ–≥–æ –∫–∞—Ç–∞–ª–æ–≥–∞ '/home/linux/.gnupg'
    gpg: –ø—Ä–æ–≤–µ—Ä–∫–∞ —Ç–∞–±–ª–∏—Ü—ã –¥–æ–≤–µ—Ä–∏—è
    gpg: marginals needed: 3  completes needed: 1  trust model: pgp
    gpg: –≥–ª—É–±–∏–Ω–∞: 0  –¥–æ—Å—Ç–æ–≤–µ—Ä–Ω—ã—Ö:   1  –ø–æ–¥–ø–∏—Å–∞–Ω–Ω—ã—Ö:   0  –¥–æ–≤–µ—Ä–∏–µ: 0-, 0q, 0n, 0m, 0f, 1u
    gpg: —Å—Ä–æ–∫ —Å–ª–µ–¥—É—é—â–µ–π –ø—Ä–æ–≤–µ—Ä–∫–∏ —Ç–∞–±–ª–∏—Ü—ã –¥–æ–≤–µ—Ä–∏—è 2022-04-16
    /home/linux/.gnupg/pubring.kbx
    ------------------------------
    pub   rsa3072 2020-04-16 [SC] [–≥–æ–¥–µ–Ω –¥–æ: 2022-04-16]
          C0A7FE019BB0D430C465CBCA05A2E96C7147C8B8
    uid         [  –∞–±—Å–æ–ª—é—Ç–Ω–æ ] Client1 <testClient1@mail.ru>
    sub   rsa3072 2020-04-16 [E] [–≥–æ–¥–µ–Ω –¥–æ: 2022-04-16]
    pub   rsa2048 2020-04-16 [SC] [–≥–æ–¥–µ–Ω –¥–æ: 2022-04-16]
          CDEA2870E05BF3969EFC7CA18EAEFED2A8D76C1E
    uid         [ –Ω–µ–∏–∑–≤–µ—Å—Ç–Ω–æ ] Admin3 <testAdmin3@mail.ru>
    sub   rsa2048 2020-04-16 [E] [–≥–æ–¥–µ–Ω –¥–æ: 2022-04-16]
# gpg --edit-key Admin3
    gpg: –í–Ω–∏–º–∞–Ω–∏–µ: –Ω–µ–±–µ–∑–æ–ø–∞—Å–Ω—ã–π –≤–ª–∞–¥–µ–ª–µ—Ü –¥–æ–º–∞—à–Ω–µ–≥–æ –∫–∞—Ç–∞–ª–æ–≥–∞ '/home/linux/.gnupg'
    gpg (GnuPG) 2.2.4; Copyright (C) 2017 Free Software Foundation, Inc.
    This is free software: you are free to change and redistribute it.
    There is NO WARRANTY, to the extent permitted by law.
    pub  rsa2048/8EAEFED2A8D76C1E
         —Å–æ–∑–¥–∞–Ω: 2020-04-16  –≥–æ–¥–µ–Ω –¥–æ: 2022-04-16  –Ω–∞–∑–Ω–∞—á–µ–Ω–∏–µ: SC  
         –¥–æ–≤–µ—Ä–∏–µ: –Ω–µ–∏–∑–≤–µ—Å—Ç–Ω–æ –¥–æ—Å—Ç–æ–≤–µ—Ä–Ω–æ—Å—Ç—å: –Ω–µ–∏–∑–≤–µ—Å—Ç–Ω–æ
    sub  rsa2048/764375B485FCFEAF
         —Å–æ–∑–¥–∞–Ω: 2020-04-16  –≥–æ–¥–µ–Ω –¥–æ: 2022-04-16  –Ω–∞–∑–Ω–∞—á–µ–Ω–∏–µ: E   
    [ –Ω–µ–∏–∑–≤–µ—Å—Ç–Ω–æ ] (1). Admin3 <testAdmin3@mail.ru>
gpg> help
Task:
–î–ª—è –Ω–∞—á–∞–ª–∞ –Ω—É–∂–Ω–æ –≤—ã–≤–µ—Å—Ç–∏ –æ—Ç–ø–µ—á–∞—Ç–æ–∫ –∫–ª—é—á–∞ –∏ —Å—Ä–∞–≤–Ω–∏—Ç—å –µ–≥–æ —Å –æ—Ç–ø–µ—á–∞—Ç–∫–æ–º –∫–ª—é—á–∞ –∏–∑ —Ü–µ–ª–µ–≤–æ–π —Å–∏—Å—Ç–µ–º—ã. –ú–æ–∂–Ω–æ –ø–æ–∑–≤–æ–Ω–∏—Ç—å –∫ –ø–æ–ª—å–∑–æ–≤–∞—Ç–µ–ª—é, –ø–æ–ø—Ä–æ—Å–∏—Ç—å —á—Ç–æ–± –æ–Ω —Å–æ–æ–±—â–∏–ª –æ—Ç–ø–µ—á–∞—Ç–æ–∫ –∫–ª—é—á–∞ –∏ —Å—Ä–∞–≤–Ω–∏—Ç—å –ø–æ —Ç–µ–ª–µ—Ñ–æ–Ω—É. F379 B9FC CC0E 825B 476E  E68B 6610 EC5A D37E 27AC - –æ—Ç–ø–µ—á–∞—Ç–æ–∫ –∫–ª—é—á–∞ –ø–æ–ª—å–∑–æ–≤–∞—Ç–µ–ª—è Eugeny. –ï—Å–ª–∏ –æ–Ω–∏ —Å–æ–≤–ø–∞–¥–∞—é—Ç, —Ç–æ –≤—Å–µ –Ω–æ—Ä–º–∞–ª—å–Ω–æ, –∫–ª—é—á –º–æ–∂–Ω–æ –≤–µ—Ä–∏—Ñ–∏—Ü–∏—Ä–æ–≤–∞—Ç—å.
Decision:
gpg> fpr
    pub   rsa2048/8EAEFED2A8D76C1E 2020-04-16 Admin3 <testAdmin3@mail.ru>
     –û—Ç–ø–µ—á–∞—Ç–æ–∫ –ø–µ—Ä–≤–∏—á–Ω–æ–≥–æ –∫–ª—é—á–∞: CDEA 2870 E05B F396 9EFC  7CA1 8EAE FED2 A8D7 6C1E
gpg> sign
    pub  rsa2048/8EAEFED2A8D76C1E
         —Å–æ–∑–¥–∞–Ω: 2020-04-16  –≥–æ–¥–µ–Ω –¥–æ: 2022-04-16  –Ω–∞–∑–Ω–∞—á–µ–Ω–∏–µ: SC  
         –¥–æ–≤–µ—Ä–∏–µ: –Ω–µ–∏–∑–≤–µ—Å—Ç–Ω–æ –¥–æ—Å—Ç–æ–≤–µ—Ä–Ω–æ—Å—Ç—å: –Ω–µ–∏–∑–≤–µ—Å—Ç–Ω–æ
     –û—Ç–ø–µ—á–∞—Ç–æ–∫ –ø–µ—Ä–≤–∏—á–Ω–æ–≥–æ –∫–ª—é—á–∞: CDEA 2870 E05B F396 9EFC  7CA1 8EAE FED2 A8D7 6C1E
         Admin3 <testAdmin3@mail.ru>
    –°—Ä–æ–∫ –¥–µ–π—Å—Ç–≤–∏—è –¥–∞–Ω–Ω–æ–≥–æ –∫–ª—é—á–∞ –∏—Å—Ç–µ–∫–∞–µ—Ç 2022-04-16.
    –í—ã —É–≤–µ—Ä–µ–Ω—ã, —á—Ç–æ —Ö–æ—Ç–∏—Ç–µ –ø–æ–¥–ø–∏—Å–∞—Ç—å —ç—Ç–æ—Ç –∫–ª—é—á
    —Å–≤–æ–∏–º –∫–ª—é—á–æ–º "Client1 <testClient1@mail.ru>" (05A2E96C7147C8B8)?
    –î–µ–π—Å—Ç–≤–∏—Ç–µ–ª—å–Ω–æ –ø–æ–¥–ø–∏—Å–∞—Ç—å? (y/N) y
gpg> check
Task:
–ù–∞ –¥—Ä—É–≥–æ–º –∫–æ–º–ø—å—é—Ç–µ—Ä–µ –Ω—É–∂–Ω–æ –±—É–¥–µ—Ç –ø—Ä–æ–¥–µ–ª–∞—Ç—å —Ç–æ –∂–µ —Å–∞–º–æ–µ. –ï–¥–∏–Ω—Å—Ç–≤–µ–Ω–Ω–æ–µ –æ—Ç–ª–∏—á–∏–µ ‚Äî –∏–º—è –∫–ª—é—á–∞ –±—É–¥–µ—Ç –¥—Ä—É–≥–∏–º. –ø–æ–ª—É—á–∞—Ç–µ–ª—å –ø—É–±–ª–∏–∫—É–µ—Ç –∫–ª—é—á, –∫–æ–ø–∏—Ä—É–µ—Ç –µ–≥–æ.
Decision:
# gpg --armor --export Client1
    gpg: –í–Ω–∏–º–∞–Ω–∏–µ: –Ω–µ–±–µ–∑–æ–ø–∞—Å–Ω—ã–π –≤–ª–∞–¥–µ–ª–µ—Ü –¥–æ–º–∞—à–Ω–µ–≥–æ –∫–∞—Ç–∞–ª–æ–≥–∞ '/home/linux/.gnupg'
    -----BEGIN PGP PUBLIC KEY BLOCK-----
    mQGNBF6X9VwBDADIWL7gvO1KUpGLzzBewGbkyaBJGEhO3dMAtrGvP1xRcWXRgphK
    AJfVu1t4wIjfWhumv1jo6uE9phk9BHQkqmzCVlPdEOSYsuyP6jNkWQnuc4sNAIqA
    7bKMH9nccojJa7Ba67qx7Kp4jtzXRrdswr8h+ilimwZjpsKSasNZfAIE0XoBUyI+
    EZeEl8SPRyTe09R4kRLcgQgDhrTyUeU9Q2xaok6zeEl39HhivXibSu+/a3DzKOXV
    Q0gdrQZqciAUfxsd0ZNK8SSGWlNt18JMC/uCKFTqsLtaRo/oGMeZTltZzYBXoF5G
    yKakOlAnYKPF6T6RestT8lVOTNsRYfWxSOZFYKkD3gyq9AK6+rOG2ROUAQObAnJg
    DafERktkQQvDW3SB7VkQzJAy0OicaDSlFBdo43snBxAngWNZ/HXYLmw2Zoba4VGv
    /6iJ1AjaDNwu+9WkdNJ6KPQEb932R8wi0savVcfXAw/HNtIgpXT1zPlq3A0UaPpQ
    bW0ZFeAA7gvzDqsAEQEAAbQdQ2xpZW50MSA8dGVzdENsaWVudDFAbWFpbC5ydT6J
    AdQEEwEKAD4WIQTAp/4Bm7DUMMRly8oFoulscUfIuAUCXpf1XAIbAwUJA8JnAAUL
    CQgHAgYVCgkICwIEFgIDAQIeAQIXgAAKCRAFoulscUfIuLU2DACpir1O1XD8AlkR
    6DW+lQL0nJpVAIUo8z664gg0l4raU/EQqp//mxEdRR2jSTRbVj9YgPqqr34AIWqp
    FW7GL6erKpaP33UrKPcDUfZzf3a1t57+0GdulfoPAjxWpmqf11qjaKsJOHEqT2VE
    GvsumaqUvwUfvIfXchQgqpFDaxICk0YbAIub2T0nU49IcMxsF9Exsam3N2VUinlS
    6EPhuRYsbEUH9uTp29BHE8FQDjM4zyQS3nf3HX42snYGeexCx6KiR2MhCuv7VRS4
    VtmfknLv9zJq5z/NbsFSRse3xpVsaT4TdPIC73Dog92wmpwArYScaVy70vI2u78V
    rRDodxp17INMvTY42q5vJqwxgip792bkWGk6w1P/dvOBxJHcOWQa8P346pJOgdcW
    10vIle7bZQ77sWdtBOjpFxmyRo6QvaXlSaWKpoy/qHGX4/FM4LIn5ugVRd3YdBwV
    tJG/rCkduP/BmCggkGrUaCx6DekaGTqoyTsRTct9BPooT278b+q5AY0EXpf1XAEM
    AMRZ7ndZ60strongBBqi9RlAdDh35mouxcy9kv73WK24l7wnoQNq2QIHCkoCCiht7lqT
    AHNGk5cwuiov9hfRbZPbMVoc7444IoQ3D5Vj5tvkaqW3ey92hE0g4P0ITAK7/1MG
    OxZz26yPM/45MWvwlo7vz9QCGTp0hkpJG3fsdPISaV1r/vylD0zpKJ8Yotth07FR
    QmK5ck3vr/GWtP+tYR7JQnP1R+oFfcEi2cP8/VA/lry+I29yc04/wxjbxYqzB1nZ
    9nhJPCCEpWR3oIsrHaLMfTI4pUnguREO/Qv/gtmR2TZwJ2eAXsNJ0jvw4+F2crXk
    nGSxEru0+D2b2bsxN2Gj4JRXCli3sipg19lbTwZTeZFGmpg84OUIaTLjQi39DCFu
    l40lgd/Xvx797eOVeN/QWNwzxiFcDNDQTXcx9LBXRyDkKeCa+ZvDYvH3ezIvJcvi
    so3ZEBdJ5QIvEXzm8q3vbIf7yV1p4+hgw88J6jekIOUlJoHYMzpkJtgaPb6ZYrt4
    5wARAQABiQG8BBgBCgAmFiEEwKf+AZuw1DDEZcvKBaLpbHFHyLgFAl6X9VwCGwwF
    CQPCZwAACgkQBaLpbHFHyLgXRwwAswv05e7mKvYVUphP/ihSxZmEDy/R9DcZiSsI
    f4fWmypv9D5Y2YgCt/2NT3X6MUABAV12QGlwJlQBlRgV9rEExaiZ0p/g0QmK28Fa
    ZQ4+FS1S0+BuUso9MAFbam2Jk+hEFmCNhmK7thJlVgrcSDPppENn6/D4Lw6/WoI3
    8q6vMff7xxNYGjKnqU5aPlmNvff8FoxNYcLwmVk0y9tlI8l0g5c5LVsrRmnJXYPQ
    wtItiv6KzNtEKmbshObqf9gPZAnjLIC8sNytO/78NIJPR3JQyWMd6yudGosrg6NQ
    q0N2C9J5x1aBPPS9x6QvMfiOm2JewEqKSDQ3NEyW+V8y4jOwIr+9G3DLueMLPVPj
    MsAz4P7xxX00TKcYTa2DWlOW4z2kF8qoYPs1nuXWHAvRVQ+QJ0pop3VRZKXN3ZBw
    9pGyrirzjqEqk/1aJTsEK6kgpHDlg71B1ajcZ2pYiMsICnjBowXh87Xgrb/7wTr1
    yKDnyVYRcd3IECbxciuHX49/YffC
    =NM6e
    -----END PGP PUBLIC KEY BLOCK-----
# vim box-key
# ls -l
    -rw-r--r--. 1 root   root   2448 –∞–ø—Ä 16 02:10  box-key
    -rw-r--r--. 1 root   root     49 –∞–ø—Ä 15 22:42  myfile.txt
    -rw-r--r--. 1 root   root    103 –∞–ø—Ä 15 22:44  myfile.txt.gpg
# gpg --import box-key
    gpg: –∫–ª—é—á 05A2E96C7147C8B8: –∏–º–ø–æ—Ä—Ç–∏—Ä–æ–≤–∞–Ω –æ—Ç–∫—Ä—ã—Ç—ã–π –∫–ª—é—á "Client1 <testClient1@mail.ru>"
    gpg: –í—Å–µ–≥–æ –æ–±—Ä–∞–±–æ—Ç–∞–Ω–æ: 1
    gpg:                  –∏–º–ø–æ—Ä—Ç–∏—Ä–æ–≤–∞–Ω–æ: 1
# gpg --edit-key Client1
    gpg (GnuPG) 2.2.9; Copyright (C) 2018 Free Software Foundation, Inc.
    This is free software: you are free to change and redistribute it.
    There is NO WARRANTY, to the extent permitted by law.
    pub  rsa3072/05A2E96C7147C8B8
          —Å–æ–∑–¥–∞–Ω: 2020-04-16     –≥–æ–¥–µ–Ω –¥–æ: 2022-04-16  –Ω–∞–∑–Ω–∞—á–µ–Ω–∏–µ: SC  
         –¥–æ–≤–µ—Ä–∏–µ: –Ω–µ–∏–∑–≤–µ—Å—Ç–Ω–æ –¥–æ—Å—Ç–æ–≤–µ—Ä–Ω–æ—Å—Ç—å: –Ω–µ–∏–∑–≤–µ—Å—Ç–Ω–æ
    sub  rsa3072/58859DC04AFB86B9
          —Å–æ–∑–¥–∞–Ω: 2020-04-16     –≥–æ–¥–µ–Ω –¥–æ: 2022-04-16  –Ω–∞–∑–Ω–∞—á–µ–Ω–∏–µ: E   
    [ –Ω–µ–∏–∑–≤–µ—Å—Ç–Ω–æ ] (1). Client1 <testClient1@mail.ru>
gpg> fpr
    pub   rsa3072/05A2E96C7147C8B8 2020-04-16 Client1 <testClient1@mail.ru>
     –û—Ç–ø–µ—á–∞—Ç–æ–∫ –ø–µ—Ä–≤–∏—á–Ω–æ–≥–æ –∫–ª—é—á–∞: C0A7 FE01 9BB0 D430 C465  CBCA 05A2 E96C 7147 C8B8
gpg> sign
    pub  rsa3072/05A2E96C7147C8B8
          —Å–æ–∑–¥–∞–Ω: 2020-04-16     –≥–æ–¥–µ–Ω –¥–æ: 2022-04-16  –Ω–∞–∑–Ω–∞—á–µ–Ω–∏–µ: SC  
         –¥–æ–≤–µ—Ä–∏–µ: –Ω–µ–∏–∑–≤–µ—Å—Ç–Ω–æ –¥–æ—Å—Ç–æ–≤–µ—Ä–Ω–æ—Å—Ç—å: –Ω–µ–∏–∑–≤–µ—Å—Ç–Ω–æ
     –û—Ç–ø–µ—á–∞—Ç–æ–∫ –ø–µ—Ä–≤–∏—á–Ω–æ–≥–æ –∫–ª—é—á–∞: C0A7 FE01 9BB0 D430 C465  CBCA 05A2 E96C 7147 C8B8
         Client1 <testClient1@mail.ru>
    –°—Ä–æ–∫ –¥–µ–π—Å—Ç–≤–∏—è –¥–∞–Ω–Ω–æ–≥–æ –∫–ª—é—á–∞ –∏—Å—Ç–µ–∫–∞–µ—Ç 2022-04-16.
    –í—ã —É–≤–µ—Ä–µ–Ω—ã, —á—Ç–æ —Ö–æ—Ç–∏—Ç–µ –ø–æ–¥–ø–∏—Å–∞—Ç—å —ç—Ç–æ—Ç –∫–ª—é—á
    —Å–≤–æ–∏–º –∫–ª—é—á–æ–º "Admin3 <testAdmin3@mail.ru>" (8EAEFED2A8D76C1E)?
    –î–µ–π—Å—Ç–≤–∏—Ç–µ–ª—å–Ω–æ –ø–æ–¥–ø–∏—Å–∞—Ç—å? (y/N) y
gpg> check
gpg> quit
Task:
–ó–∞—à–∏—Ñ—Ä—É–µ–º —Ñ–∞–π–ª myfile –¥–ª—è –ø–æ–ª—å–∑–æ–≤–∞—Ç–µ–ª—è Dmitry. –ó–∞—à–∏—Ñ—Ä–æ–≤–∞–Ω–Ω—ã–π —Ñ–∞–π–ª –ø–æ–ª—É—á–∏—Ç –∏–º—è myfile.gpg. r - –∫—Ç–æ –ø–æ–ª—É—á–∞—Ç–µ–ª—å, e - ecrypt –æ–ø–µ—Ä–∞—Ü–∏—è —à–∏—Ñ—Ä–æ–≤–∞–Ω–∏—è
Decision:
# vim myfile
# cat myfile

    ---secret---
# gpg -o myfilenew.gpg -e -r Client1 myfile
    gpg: –ø—Ä–æ–≤–µ—Ä–∫–∞ —Ç–∞–±–ª–∏—Ü—ã –¥–æ–≤–µ—Ä–∏—è
    gpg: marginals needed: 3  completes needed: 1  trust model: pgp
    gpg: –≥–ª—É–±–∏–Ω–∞: 0  –¥–æ—Å—Ç–æ–≤–µ—Ä–Ω—ã—Ö:   1  –ø–æ–¥–ø–∏—Å–∞–Ω–Ω—ã—Ö:   1  –¥–æ–≤–µ—Ä–∏–µ: 0-, 0q, 0n, 0m, 0f, 1u
    gpg: –≥–ª—É–±–∏–Ω–∞: 1  –¥–æ—Å—Ç–æ–≤–µ—Ä–Ω—ã—Ö:   1  –ø–æ–¥–ø–∏—Å–∞–Ω–Ω—ã—Ö:   0  –¥–æ–≤–µ—Ä–∏–µ: 1-, 0q, 0n, 0m, 0f, 0u
    gpg: —Å—Ä–æ–∫ —Å–ª–µ–¥—É—é—â–µ–π –ø—Ä–æ–≤–µ—Ä–∫–∏ —Ç–∞–±–ª–∏—Ü—ã –¥–æ–≤–µ—Ä–∏—è 2022-04-16
# ls -l
    -rw-r--r--. 1 root   root   2448 –∞–ø—Ä 16 02:10  box-key
    -rw-r--r--. 1 root   root     13 –∞–ø—Ä 16 02:15  myfile
    -rw-r--r--. 1 root   root    478 –∞–ø—Ä 16 02:21  myfilenew.gpg
# cat myfilenew.gpg
    ÔøΩÔøΩXÔøΩÔøΩÔøΩJÔøΩÔøΩÔøΩ
             ÔøΩ+ÔøΩÔøΩ-$6ŸåÔøΩ)r+9eÔøΩÔøΩ|>NÔøΩ&ÔøΩ21 ∏XÔøΩÔøΩHJMuSÔøΩ=ÔøΩÔøΩÔøΩÔøΩoÔøΩÔøΩ_ÔøΩÔøΩoiÔøΩhÔøΩÔøΩ:JÔøΩÔøΩQÔøΩÔøΩUÔøΩY[ÔøΩÔøΩÔøΩ5IÔøΩÔøΩ`
          {ÔøΩ6UÔøΩÔøΩÔøΩÔøΩy$ÔøΩnÔøΩÔøΩ    TSÔøΩ>ÔøΩÔøΩÔøΩÔøΩNJÔøΩTc%ÔøΩÔøΩÔøΩ5{ÔøΩÔøΩ=FWÔøΩxvÔøΩZrÔøΩÔøΩÔøΩÔøΩÔøΩN*ÔøΩÔøΩ9ÔøΩ⁄ªÔøΩÔøΩr(hÔøΩxÔøΩÔøΩ[≈Ä(—û*ÔøΩÔøΩ~ÔøΩxÔøΩÔøΩ|S÷ÄÔøΩÔøΩuÔøΩ{
                               ^ÔøΩÔøΩÔøΩ8YAÔøΩÔøΩÔøΩR&nIÔøΩÔøΩÔøΩÔøΩÔøΩyÔøΩl9ÔøΩÔøΩ!ÔøΩÔøΩyO/JÔøΩXÔøΩ9ÔøΩÔøΩÔøΩ%uÔøΩÔøΩÔøΩÔøΩqÔøΩ2ÔøΩÔøΩ√£%ÔøΩk'uÔøΩiÔøΩÔøΩÔøΩÿçÔøΩÔøΩÔøΩÔøΩÔøΩÔøΩÔøΩgÔøΩXÔøΩvÔøΩbE5IP9ÔøΩ<ÔøΩ"ÔøΩÔøΩÔøΩ'ÔøΩ?b]ÔøΩÔøΩxÔøΩÔøΩÔøΩ_`YÔøΩ‘†ÔøΩÔøΩIÔøΩÔøΩMÔøΩ6ÔøΩBÔøΩ\ÔøΩCÔøΩhÔøΩÔøΩÔøΩQÔøΩBÔøΩ4@ÔøΩ;OÔøΩxb‘ΩÔøΩÔøΩeÔøΩÔøΩx/8\L'sÔøΩÔøΩÔøΩÔøΩ*ÔøΩÔøΩ)EUÔøΩÔøΩx~ÔøΩŒ¨ÔøΩÔøΩ`»üÔøΩ    ÔøΩBBÔøΩÔøΩÔøΩMÔøΩ ,ÔøΩ>ÔøΩ&gkbÔøΩ«ªÔøΩ
    ÔøΩNÔøΩ‘ΩÔøΩÔøΩÔøΩÔøΩsÔøΩÔøΩbÔøΩÔøΩ-…ò%ÔøΩ
                     F;.‹ç5ÔøΩÔøΩzD\ÔøΩÔøΩÔøΩÔøΩ
                                   ÔøΩKc|=OÔøΩÔøΩ:ÔøΩÔøΩsÔøΩ
Task:
–ü–æ—Å–ª–µ —ç—Ç–æ–≥–æ –∑–∞—à–∏—Ñ—Ä–æ–≤–∞–Ω–Ω—ã–π —Ñ–∞–π–ª –º–æ–∂–Ω–æ —Å–≤–æ–±–æ–¥–Ω–æ –ø–µ—Ä–µ–¥–∞–≤–∞—Ç—å –ø–æ –æ—Ç–∫—Ä—ã—Ç—ã–º –∫–∞–Ω–∞–ª–∞–º –ø–µ—Ä–µ–¥–∞—á–∏ –¥–∞–Ω–Ω—ã—Ö. –§–∞–π–ª —Å–º–æ–∂–µ—Ç —Ä–∞—Å—à–∏—Ñ—Ä–æ–≤–∞—Ç—å —Ç–æ–ª—å–∫–æ –ø–æ–ª—å–∑–æ–≤–∞—Ç–µ–ª—å Dmitry —Å –ø–æ–º–æ—â—å—é —Å–≤–æ–µ–≥–æ —Å–µ–∫—Ä–µ—Ç–Ω–æ–≥–æ –∫–ª—é—á–∞. –ü–µ—Ä–µ–¥–∞–µ–º
Decision:
# scp myfilenew.gpg linux@tip.104:/home/linux 
    myfilenew.gpg                                 100%  478   167.8KB/s   00:00
# ls -l
    –∏—Ç–æ–≥–æ 112
    -rw-r--r-- 1 root  root   1753 –∞–ø—Ä 16 09:02  box-key
    -rw-r--r-- 1 linux linux   478 –∞–ø—Ä 16 09:55  myfilenew.gpg
Task:
–†–∞—Å—à–∏—Ñ—Ä–æ–≤–∞—Ç—å —Ñ–∞–π–ª –ø–æ–ª—å–∑–æ–≤–∞—Ç–µ–ª—å Dmitry —Å–º–æ–∂–µ—Ç –∫–æ–º–∞–Ω–¥–æ–π, —É–∫–∞–∑–∞–Ω–Ω–æ–π –Ω–∏–∂–µ.
Decision:
# gpg -o myfile -d myfilenew.gpg
    gpg: –í–Ω–∏–º–∞–Ω–∏–µ: –Ω–µ–±–µ–∑–æ–ø–∞—Å–Ω—ã–π –≤–ª–∞–¥–µ–ª–µ—Ü –¥–æ–º–∞—à–Ω–µ–≥–æ –∫–∞—Ç–∞–ª–æ–≥–∞ '/home/linux/.gnupg'
    gpg: –∑–∞—à–∏—Ñ—Ä–æ–≤–∞–Ω–æ 3072-–±–∏—Ç–Ω—ã–º –∫–ª—é—á–æ–º RSA —Å –∏–¥–µ–Ω—Ç–∏—Ñ–∏–∫–∞—Ç–æ—Ä–æ–º 58859DC04AFB86B9, —Å–æ–∑–¥–∞–Ω–Ω—ã–º 2020-04-16
          "Client1 <testClient1@mail.ru>"
# ls -l
    –∏—Ç–æ–≥–æ 116
    -rw-r--r-- 1 root  root   1753 –∞–ø—Ä 16 09:02  box-key
    -rw-r--r-- 1 root  root     13 –∞–ø—Ä 16 09:57  myfile
    -rw-r--r-- 1 linux linux   478 –∞–ø—Ä 16 09:55  myfilenew.gpg
# cat myfile
    ---secret---
Task:
–°–æ–∑–¥–∞–Ω–∏–µ —Å–µ—Ä—Ç–∏—Ñ–∏–∫–∞—Ç–∞ –æ—Ç–∑—ã–≤–∞
–ü–æ—Å–º–æ—Ç—Ä–∏–º ID –ø—É–±–ª–∏—á–Ω–æ–≥–æ –∫–ª—é—á–∞, –∫–æ—Ç–æ—Ä—ã–π –º—ã –æ—Ç–ø—Ä–∞–≤–∏–º –Ω–∞ –ø—É–±–ª–∏—á–Ω—ã–π —Å–µ—Ä–≤–µ—Ä –∫–ª—é—á–µ–π.
Decision:
# gpg --list-keys
    /root/.gnupg/pubring.kbx
    ------------------------
    pub   rsa2048 2020-04-16 [SC] [   –≥–æ–¥–µ–Ω –¥–æ: 2022-04-16]
          CDEA2870E05BF3969EFC7CA18EAEFED2A8D76C1E
    uid         [  –∞–±—Å–æ–ª—é—Ç–Ω–æ ] Admin3 <testAdmin3@mail.ru>
    sub   rsa2048 2020-04-16 [E] [   –≥–æ–¥–µ–Ω –¥–æ: 2022-04-16]
    pub   rsa3072 2020-04-16 [SC] [   –≥–æ–¥–µ–Ω –¥–æ: 2022-04-16]
          C0A7FE019BB0D430C465CBCA05A2E96C7147C8B8
    uid         [   –ø–æ–ª–Ω–æ–µ   ] Client1 <testClient1@mail.ru>
    sub   rsa3072 2020-04-16 [E] [   –≥–æ–¥–µ–Ω –¥–æ: 2022-04-16]
Task:
–° –ø–æ–º–æ—â—å—é –æ–ø—Ü–∏–∏ --keyserver —É–∫–∞–∑—ã–≤–∞–µ–º –ø—É–±–ª–∏—á–Ω—ã–π —Å–µ—Ä–≤–µ—Ä –∫–ª—é—á–µ–π, —Å –ø–æ–º–æ—â—å—é –æ–ø—Ü–∏–∏ --send-key —Å–æ–æ–±—â–∞–µ–º, —á—Ç–æ –∫–ª—é—á –Ω–µ–æ–±—Ö–æ–¥–∏–º–æ –æ—Ç–ø—Ä–∞–≤–∏—Ç—å –Ω–∞ —Å–µ—Ä–≤–µ—Ä.
Decision:
# gpg --keyserver pgp.mit.edu --send-key CDEA2870E05BF3969EFC7CA18EAEFED2A8D76C1E
    gpg: –æ—Ç–ø—Ä–∞–≤–∫–∞ –∫–ª—é—á–∞ 8EAEFED2A8D76C1E –Ω–∞ hkp://pgp.mit.edu
Task:
–ü–æ—Å–ª–µ —ç—Ç–æ–≥–æ –ª—é–±–æ–π –∂–µ–ª–∞—é—â–∏–π –º–æ–∂–µ—Ç –ø–æ–ª—É—á–∏—Ç—å –≤–∞—à –ø—É–±–ª–∏—á–Ω—ã–π –∫–ª—é—á —Å —Å–µ—Ä–≤–µ—Ä–∞ –∫–ª—é—á–µ–π, –ø—Ä–æ—Å—Ç–æ —É–∫–∞–∑–∞–≤ –µ–≥–æ ID. –î–ª—è –ø–æ–ª—É—á–µ–Ω–∏—è –∫–ª—é—á–∞ —Å —Å–µ—Ä–≤–µ—Ä–∞ –∏—Å–ø–æ–ª—å–∑—É–µ—Ç—Å—è –æ–ø—Ü–∏—è --recv-keys. ID –∫–ª—é—á–∞ —Ç–∞–∫–∂–µ –º–æ–∂–Ω–æ –≤—ã—è—Å–Ω–∏—Ç—å –ø–æ e-mail –∞–¥—Ä–µ—Å—É –≤–ª–∞–¥–µ–ª—å—Ü–∞ –∏–ª–∏ –µ–≥–æ –∏–º–µ–Ω–∏.
Decision:
# gpg --keyserver pgp.mit.edu --recv-key CDEA2870E05BF3969EFC7CA18EAEFED2A8D76C1E
    gpg: –í–Ω–∏–º–∞–Ω–∏–µ: –Ω–µ–±–µ–∑–æ–ø–∞—Å–Ω—ã–π –≤–ª–∞–¥–µ–ª–µ—Ü –¥–æ–º–∞—à–Ω–µ–≥–æ –∫–∞—Ç–∞–ª–æ–≥–∞ '/home/linux/.gnupg'
    gpg: –∫–ª—é—á 8EAEFED2A8D76C1E: "Admin3 <testAdmin3@mail.ru>" –Ω–µ –∏–∑–º–µ–Ω–µ–Ω
    gpg: –í—Å–µ–≥–æ –æ–±—Ä–∞–±–æ—Ç–∞–Ω–æ: 1
    gpg:              –Ω–µ–∏–∑–º–µ–Ω–µ–Ω–Ω—ã—Ö: 1
# gpg --keyserver pgp.mit.edu --search-key testAdmin3@mail.ru
    gpg: data source: http://pgp.mit.edu:11371
    (1)    Admin3 <testAdmin3@mail.ru>
          2048 bit RSA key 8EAEFED2A8D76C1E,      —Å–æ–∑–¥–∞–Ω: 2020-04-16,    –≥–æ–¥–µ–Ω –¥–æ: 2022-04-16
    Keys 1-1 of 1 for "testAdmin3@mail.ru".  –í–≤–µ–¥–∏—Ç–µ —á–∏—Å–ª–∞, N) –°–ª–µ–¥—É—é—â–µ–µ; Q) –í—ã—Ö–æ–¥ > Q
Task:
–ü—Ä–µ–¥—Å—Ç–∞–≤–∏–º —Å–∏—Ç—É–∞—Ü–∏—é, —á—Ç–æ –≤–∞—à —Å–µ–∫—Ä–µ—Ç–Ω—ã–π –∫–ª—é—á —Å–∫–æ–º–ø—Ä–æ–º–µ—Ç–∏—Ä–æ–≤–∞–Ω –∏–ª–∏ –ø—Ä–æ—Å—Ç–æ –ø–æ—Ç–µ—Ä—è–Ω. –°–ª–µ–¥–æ–≤–∞—Ç–µ–ª—å–Ω–æ, –±–æ–ª—å—à–µ –Ω–µ—Ç —Å–º—ã—Å–ª–∞ —à–∏—Ñ—Ä–æ–≤–∞—Ç—å –¥–ª—è –≤–∞—Å –¥–∞–Ω–Ω—ã–µ –ø—É–±–ª–∏—á–Ω—ã–º –∫–ª—é—á–æ–º –∏–∑ —Å–≤—è–∑–∫–∏ —Å —ç—Ç–∏–º –ª–∏—á–Ω—ã–º –∫–ª—é—á–æ–º –∏ –µ–≥–æ –Ω—É–∂–Ω–æ –æ—Ç–æ–∑–≤–∞—Ç—å. –ì–µ–Ω–µ—Ä–∏—Ä—É–µ–º —Å–µ—Ä—Ç–∏—Ñ–∏–∫–∞—Ç –æ—Ç–∑—ã–≤–∞. –ü–æ—Å–ª–µ –≤—ã–ø–æ–ª–Ω–µ–Ω–∏—è –∫–æ–º–∞–Ω–¥—ã –±—É–¥–µ—Ç —Å–æ–∑–¥–∞–Ω —Ñ–∞–π–ª eugeny.asc, —ç—Ç–æ –∏ –µ—Å—Ç—å —Å–µ—Ä—Ç–∏—Ñ–∏–∫–∞—Ç –æ—Ç–∑—ã–≤–∞.
Decision:
# gpg -o Admin3.asc --gen-revoke Admin3
    sec  rsa2048/8EAEFED2A8D76C1E 2020-04-16 Admin3 <testAdmin3@mail.ru>
    –°–æ–∑–¥–∞—Ç—å —Å–µ—Ä—Ç–∏—Ñ–∏–∫–∞—Ç –æ—Ç–∑—ã–≤–∞ –¥–∞–Ω–Ω–æ–≥–æ –∫–ª—é—á–∞? (y/N) y
    –£–∫–∞–∂–∏—Ç–µ –ø—Ä–∏—á–∏–Ω—É –æ—Ç–∑—ã–≤–∞:
      0 = –ü—Ä–∏—á–∏–Ω–∞ –Ω–µ —É–∫–∞–∑–∞–Ω–∞
      1 = –ö–ª—é—á –±—ã–ª —Ä–∞—Å–∫—Ä—ã—Ç
      2 = –ö–ª—é—á –∑–∞–º–µ–Ω–µ–Ω –¥—Ä—É–≥–∏–º
      3 = –ö–ª—é—á –±–æ–ª—å—à–µ –Ω–µ –∏—Å–ø–æ–ª—å–∑—É–µ—Ç—Å—è
      Q = –û—Ç–º–µ–Ω–∞
    (–°–∫–æ—Ä–µ–µ –≤—Å–µ–≥–æ, –í—ã –∑–¥–µ—Å—å –≤—ã–±–µ—Ä–µ—Ç–µ 1)
    –í–∞—à–µ Decision? 3
    –í–≤–µ–¥–∏—Ç–µ –Ω–µ–æ–±—è–∑–∞—Ç–µ–ª—å–Ω–æ–µ –ø–æ—è—Å–Ω–µ–Ω–∏–µ; –∑–∞–≤–µ—Ä—à–∏—Ç–µ –ø—É—Å—Ç–æ–π —Å—Ç—Ä–æ–∫–æ–π:
    >
    –ü—Ä–∏—á–∏–Ω–∞ –æ—Ç–∑—ã–≤–∞: –ö–ª—é—á –±–æ–ª—å—à–µ –Ω–µ –∏—Å–ø–æ–ª—å–∑—É–µ—Ç—Å—è
    (–ü–æ—è—Å–Ω–µ–Ω–∏—è –æ—Ç—Å—É—Ç—Å—Ç–≤—É—é—Ç)
    –í—Å–µ –ø—Ä–∞–≤–∏–ª—å–Ω–æ? (y/N) y
    –î–ª—è –≤—ã–≤–æ–¥–∞ –∏—Å–ø–æ–ª—å–∑–æ–≤–∞–Ω —Ç–µ–∫—Å—Ç–æ–≤—ã–π —Ñ–æ—Ä–º–∞—Ç ASCII.
    –°–µ—Ä—Ç–∏—Ñ–∏–∫–∞—Ç –æ—Ç–∑—ã–≤–∞ —Å–æ–∑–¥–∞–Ω.
    –ü–æ–º–µ—Å—Ç–∏—Ç–µ –µ–≥–æ –≤ –Ω–∞–¥–µ–∂–Ω–æ–µ –º–µ—Å—Ç–æ; –µ—Å–ª–∏ –ø–æ—Å—Ç–æ—Ä–æ–Ω–Ω–∏–π –ø–æ–ª—É—á–∏—Ç –¥–æ—Å—Ç—É–ø
    –∫ –¥–∞–Ω–Ω–æ–º—É —Å–µ—Ä—Ç–∏—Ñ–∏–∫–∞—Ç—É, –æ–Ω –º–æ–∂–µ—Ç –∏—Å–ø–æ–ª—å–∑–æ–≤–∞—Ç—å –µ–≥–æ, —á—Ç–æ–±—ã —Å–¥–µ–ª–∞—Ç—å
    –í–∞—à –∫–ª—é—á –Ω–µ–ø—Ä–∏–≥–æ–¥–Ω—ã–º –∫ –∏—Å–ø–æ–ª—å–∑–æ–≤–∞–Ω–∏—é. –ú–æ–∂–Ω–æ —Ä–∞—Å–ø–µ—á–∞—Ç–∞—Ç—å –¥–∞–Ω–Ω—ã–π
    —Å–µ—Ä—Ç–∏—Ñ–∏–∫–∞—Ç –∏ —Å–ø—Ä—è—Ç–∞—Ç—å –ø–æ–¥–∞–ª—å—à–µ –Ω–∞ —Å–ª—É—á–∞–π, –µ—Å–ª–∏ –í–∞—à –æ—Å–Ω–æ–≤–Ω–æ–π
    –Ω–æ—Å–∏—Ç–µ–ª—å –±—É–¥–µ—Ç –ø–æ–≤—Ä–µ–∂–¥–µ–Ω, –Ω–æ –±—É–¥—å—Ç–µ –æ—Å—Ç–æ—Ä–æ–∂–Ω—ã: —Å–∏—Å—Ç–µ–º–∞ –ø–µ—á–∞—Ç–∏
    –í–∞—à–µ–π –º–∞—à–∏–Ω—ã –º–æ–∂–µ—Ç —Å–æ—Ö—Ä–∞–Ω–∏—Ç—å –¥–∞–Ω–Ω—ã–µ –∏ —Å–¥–µ–ª–∞—Ç—å –∏—Ö –¥–æ—Å—Ç—É–ø–Ω—ã–º–∏ –¥–ª—è –¥—Ä—É–≥–∏—Ö!
# ls -l
    -rw-r--r--. 1 root   root    478 –∞–ø—Ä 16 02:53  tip.104
    -rw-------. 1 root   root    548 –∞–ø—Ä 16 03:16  Admin3.asc
    -rw-r--r--. 1 root   root   2448 –∞–ø—Ä 16 02:10  box-key
    drwxr-xr-x. 2 root   root     45 –∞–ø—Ä  9 21:40  docs
    -rw-r--r--. 1 root   root     13 –∞–ø—Ä 16 02:15  myfile
    -rw-r--r--. 1 root   root    478 –∞–ø—Ä 16 02:21  myfilenew.gpg
Task:
–î–∞–ª–µ–µ —Å–µ—Ä—Ç–∏—Ñ–∏–∫–∞—Ç –æ—Ç–∑—ã–≤–∞ –Ω–µ–æ–±—Ö–æ–¥–∏–º–æ –∏–º–ø–æ—Ä—Ç–∏—Ä–æ–≤–∞—Ç—å –≤ –≤–∞—à—É –±–∞–∑—É –¥–∞–Ω–Ω—ã—Ö –∫–ª—é—á–µ–π. –ü—É–±–ª–∏—á–Ω—ã–π –∫–ª—é—á –æ—Ç–æ–∑–≤–∞–Ω (revoked).
Decision:
# gpg --import Admin3.asc
    gpg: –∫–ª—é—á 8EAEFED2A8D76C1E: —Å–µ—Ä—Ç–∏—Ñ–∏–∫–∞—Ç –æ—Ç–∑—ã–≤–∞ "Admin3 <testAdmin3@mail.ru>" –∏–º–ø–æ—Ä—Ç–∏—Ä–æ–≤–∞–Ω
    gpg: –í—Å–µ–≥–æ –æ–±—Ä–∞–±–æ—Ç–∞–Ω–æ: 1
    gpg:           –Ω–æ–≤—ã—Ö –æ—Ç–∑—ã–≤–æ–≤ –∫–ª—é—á–µ–π: 1
    gpg: marginals needed: 3  completes needed: 1  trust model: pgp
    gpg: –≥–ª—É–±–∏–Ω–∞: 0  –¥–æ—Å—Ç–æ–≤–µ—Ä–Ω—ã—Ö:   1  –ø–æ–¥–ø–∏—Å–∞–Ω–Ω—ã—Ö:   0  –¥–æ–≤–µ—Ä–∏–µ: 0-, 0q, 0n, 0m, 0f, 1u
    gpg: —Å—Ä–æ–∫ —Å–ª–µ–¥—É—é—â–µ–π –ø—Ä–æ–≤–µ—Ä–∫–∏ —Ç–∞–±–ª–∏—Ü—ã –¥–æ–≤–µ—Ä–∏—è 2022-04-16
# gpg --list-keys
    /root/.gnupg/pubring.kbx
    ------------------------
    pub   rsa2048 2020-04-16 [SC] [    –æ—Ç–æ–∑–≤–∞–Ω: 2020-04-16]
          CDEA2870E05BF3969EFC7CA18EAEFED2A8D76C1E
    uid         [   –æ—Ç–æ–∑–≤–∞–Ω  ] Admin3 <testAdmin3@mail.ru>
    pub   rsa3072 2020-04-16 [SC] [   –≥–æ–¥–µ–Ω –¥–æ: 2022-04-16]
          C0A7FE019BB0D430C465CBCA05A2E96C7147C8B8
    uid         [ –Ω–µ–∏–∑–≤–µ—Å—Ç–Ω–æ ] Client1 <testClient1@mail.ru>
    sub   rsa3072 2020-04-16 [E] [   –≥–æ–¥–µ–Ω –¥–æ: 2022-04-16]
Task:
–ó–∞–≥—Ä—É–∂–∞–µ–º –æ—Ç–æ–∑–≤–∞–Ω–Ω—ã–π –∫–ª—é—á –Ω–∞ –ø—É–±–ª–∏—á–Ω—ã–π —Å–µ—Ä–≤–µ—Ä –∫–ª—é—á–µ–π.
Decision:
# gpg --keyserver pgp.mit.edu --send-key CDEA2870E05BF3969EFC7CA18EAEFED2A8D76C1E
    gpg: –æ—Ç–ø—Ä–∞–≤–∫–∞ –∫–ª—é—á–∞ 8EAEFED2A8D76C1E –Ω–∞ hkp://pgp.mit.edu
Task:
–í —É–¥–∞–ª–µ–Ω–Ω–æ–π —Å–∏—Å—Ç–µ–º–µ, –≤ —Å–ª—É—á–∞–µ –∂–µ–ª–∞–Ω–∏—è –ø–æ–ª—É—á–∏—Ç—å –≤–∞—à –ø—É–±–ª–∏—á–Ω—ã–π –∫–ª—é—á, –±—É–¥–µ—Ç –ø—Ä–∏–Ω—è—Ç —Å–µ—Ä—Ç–∏—Ñ–∏–∫–∞—Ç –æ—Ç–∑—ã–≤–∞. –¢–µ–ø–µ—Ä—å –æ—Ç–æ–∑–≤–∞–Ω–Ω—ã–π –∫–ª—é—á –Ω–µ–ª—å–∑—è –±—É–¥–µ—Ç –∏—Å–ø–æ–ª—å–∑–æ–≤–∞—Ç—å –¥–ª—è —à–∏—Ñ—Ä–æ–≤–∞–Ω–∏—è –¥–∞–Ω–Ω—ã—Ö.
Decision:
# gpg --keyserver pgp.mit.edu --recv-key CDEA2870E05BF3969EFC7CA18EAEFED2A8D76C1E
    gpg: –í–Ω–∏–º–∞–Ω–∏–µ: –Ω–µ–±–µ–∑–æ–ø–∞—Å–Ω—ã–π –≤–ª–∞–¥–µ–ª–µ—Ü –¥–æ–º–∞—à–Ω–µ–≥–æ –∫–∞—Ç–∞–ª–æ–≥–∞ '/home/linux/.gnupg'
    gpg: –∫–ª—é—á 8EAEFED2A8D76C1E: –¥–æ–±–∞–≤–ª–µ–Ω —Å–µ—Ä—Ç–∏—Ñ–∏–∫–∞—Ç –æ—Ç–∑—ã–≤–∞ "Admin3 <testAdmin3@mail.ru>"
    gpg: –∫–ª—é—á 8EAEFED2A8D76C1E: "Admin3 <testAdmin3@mail.ru>" 1 –Ω–æ–≤–∞—è –ø–æ–¥–ø–∏—Å—å
    gpg: –í—Å–µ–≥–æ –æ–±—Ä–∞–±–æ—Ç–∞–Ω–æ: 1
    gpg:         –Ω–æ–≤—ã—Ö –ø–æ–¥–ø–∏—Å–µ–π: 1
# gpg --list-keys
    gpg: –í–Ω–∏–º–∞–Ω–∏–µ: –Ω–µ–±–µ–∑–æ–ø–∞—Å–Ω—ã–π –≤–ª–∞–¥–µ–ª–µ—Ü –¥–æ–º–∞—à–Ω–µ–≥–æ –∫–∞—Ç–∞–ª–æ–≥–∞ '/home/linux/.gnupg'
    gpg: –ø—Ä–æ–≤–µ—Ä–∫–∞ —Ç–∞–±–ª–∏—Ü—ã –¥–æ–≤–µ—Ä–∏—è
    gpg: marginals needed: 3  completes needed: 1  trust model: pgp
    gpg: –≥–ª—É–±–∏–Ω–∞: 0  –¥–æ—Å—Ç–æ–≤–µ—Ä–Ω—ã—Ö:   1  –ø–æ–¥–ø–∏—Å–∞–Ω–Ω—ã—Ö:   0  –¥–æ–≤–µ—Ä–∏–µ: 0-, 0q, 0n, 0m, 0f, 1u
    gpg: —Å—Ä–æ–∫ —Å–ª–µ–¥—É—é—â–µ–π –ø—Ä–æ–≤–µ—Ä–∫–∏ —Ç–∞–±–ª–∏—Ü—ã –¥–æ–≤–µ—Ä–∏—è 2022-04-16
    /home/linux/.gnupg/pubring.kbx
    ------------------------------
    pub   rsa3072 2020-04-16 [SC] [–≥–æ–¥–µ–Ω –¥–æ: 2022-04-16]
          C0A7FE019BB0D430C465CBCA05A2E96C7147C8B8
    uid         [  –∞–±—Å–æ–ª—é—Ç–Ω–æ ] Client1 <testClient1@mail.ru>
    sub   rsa3072 2020-04-16 [E] [–≥–æ–¥–µ–Ω –¥–æ: 2022-04-16]
    pub   rsa2048 2020-04-16 [SC] [–æ—Ç–æ–∑–≤–∞–Ω: 2020-04-16]
          CDEA2870E05BF3969EFC7CA18EAEFED2A8D76C1E
    uid         [   –æ—Ç–æ–∑–≤–∞–Ω  ] Admin3 <testAdmin3@mail.ru>
# gpg -o myfile.gpg -e -r Admin3 myfile
    gpg: –í–Ω–∏–º–∞–Ω–∏–µ: –Ω–µ–±–µ–∑–æ–ø–∞—Å–Ω—ã–π –≤–ª–∞–¥–µ–ª–µ—Ü –¥–æ–º–∞—à–Ω–µ–≥–æ –∫–∞—Ç–∞–ª–æ–≥–∞ '/home/linux/.gnupg'
    gpg: Admin3: –ø—Ä–æ–ø—É—â–µ–Ω–æ: –ù–µ—Ç –æ—Ç–∫—Ä—ã—Ç–æ–≥–æ –∫–ª—é—á–∞
    gpg: myfile: encryption failed: –ù–µ—Ç –æ—Ç–∫—Ä—ã—Ç–æ–≥–æ –∫–ª—é—á–∞
Task:
–¶–∏—Ñ—Ä–æ–≤–∞—è –ø–æ–¥–ø–∏—Å—å —Ñ–∞–π–ª–æ–≤
–ü–æ–¥–ø–∏—Å–∞—Ç—å —Ñ–∞–π–ª myfile –º–æ–∂–Ω–æ –∫–æ–º–∞–Ω–¥–æ–π, —É–∫–∞–∑–∞–Ω–Ω–æ–π –Ω–∏–∂–µ. –ü–æ–¥–ø–∏—Å–∞–Ω–Ω—ã–π —Ñ–∞–π–ª –±—É–¥–µ—Ç —Å–æ—Ö—Ä–∞–Ω–µ–Ω –ø–æ–¥ –∏–º–µ–Ω–µ–º myfile.sig
Decision:
# gpg --gen-key
    gpg (GnuPG) 2.2.9; Copyright (C) 2018 Free Software Foundation, Inc.
    This is free software: you are free to change and redistribute it.
    There is NO WARRANTY, to the extent permitted by law.
    –ó–∞–º–µ—á–∞–Ω–∏–µ: "gpg --full-generate-key" –≤—ã–∑—ã–≤–∞–µ—Ç –ø–æ–ª–Ω–æ—Ñ—É–Ω–∫—Ü–∏–æ–Ω–∞–ª—å–Ω—ã–π –¥–∏–∞–ª–æ–≥ —Å–æ–∑–¥–∞–Ω–∏—è –∫–ª—é—á–∞.
    GnuPG –¥–æ–ª–∂–µ–Ω —Å–æ—Å—Ç–∞–≤–∏—Ç—å –∏–¥–µ–Ω—Ç–∏—Ñ–∏–∫–∞—Ç–æ—Ä –ø–æ–ª—å–∑–æ–≤–∞—Ç–µ–ª—è –¥–ª—è –∏–¥–µ–Ω—Ç–∏—Ñ–∏–∫–∞—Ü–∏–∏ –∫–ª—é—á–∞.
    –í–∞—à–µ –ø–æ–ª–Ω–æ–µ –∏–º—è: Admin3
    –ê–¥—Ä–µ—Å —ç–ª–µ–∫—Ç—Ä–æ–Ω–Ω–æ–π –ø–æ—á—Ç—ã: testAdmin3@mail.ru
    –í—ã –≤—ã–±—Ä–∞–ª–∏ —Å–ª–µ–¥—É—é—â–∏–π –∏–¥–µ–Ω—Ç–∏—Ñ–∏–∫–∞—Ç–æ—Ä –ø–æ–ª—å–∑–æ–≤–∞—Ç–µ–ª—è:
        "Admin3 <testAdmin3@mail.ru>"
    –°–º–µ–Ω–∏—Ç—å (N)–ò–º—è, (E)–ê–¥—Ä–µ—Å; (O)–ü—Ä–∏–Ω—è—Ç—å/(Q)–í—ã—Ö–æ–¥? o
    –ù–µ–æ–±—Ö–æ–¥–∏–º–æ –ø–æ–ª—É—á–∏—Ç—å –º–Ω–æ–≥–æ —Å–ª—É—á–∞–π–Ω—ã—Ö —á–∏—Å–µ–ª. –ñ–µ–ª–∞—Ç–µ–ª—å–Ω–æ, —á—Ç–æ–±—ã –í—ã
    –≤ –ø—Ä–æ—Ü–µ—Å—Å–µ –≥–µ–Ω–µ—Ä–∞—Ü–∏–∏ –≤—ã–ø–æ–ª–Ω—è–ª–∏ –∫–∞–∫–∏–µ-—Ç–æ –¥—Ä—É–≥–∏–µ –¥–µ–π—Å—Ç–≤–∏—è (–ø–µ—á–∞—Ç—å
    –Ω–∞ –∫–ª–∞–≤–∏–∞—Ç—É—Ä–µ, –¥–≤–∏–∂–µ–Ω–∏—è –º—ã—à–∏, –æ–±—Ä–∞—â–µ–Ω–∏—è –∫ –¥–∏—Å–∫–∞–º); —ç—Ç–æ –¥–∞—Å—Ç –≥–µ–Ω–µ—Ä–∞—Ç–æ—Ä—É
    —Å–ª—É—á–∞–π–Ω—ã—Ö —á–∏—Å–µ–ª –±–æ–ª—å—à–µ –≤–æ–∑–º–æ–∂–Ω–æ—Å—Ç–µ–π –ø–æ–ª—É—á–∏—Ç—å –¥–æ—Å—Ç–∞—Ç–æ—á–Ω–æ–µ –∫–æ–ª–∏—á–µ—Å—Ç–≤–æ —ç–Ω—Ç—Ä–æ–ø–∏–∏.
    –ù–µ–æ–±—Ö–æ–¥–∏–º–æ –ø–æ–ª—É—á–∏—Ç—å –º–Ω–æ–≥–æ —Å–ª—É—á–∞–π–Ω—ã—Ö —á–∏—Å–µ–ª. –ñ–µ–ª–∞—Ç–µ–ª—å–Ω–æ, —á—Ç–æ–±—ã –í—ã
    –≤ –ø—Ä–æ—Ü–µ—Å—Å–µ –≥–µ–Ω–µ—Ä–∞—Ü–∏–∏ –≤—ã–ø–æ–ª–Ω—è–ª–∏ –∫–∞–∫–∏–µ-—Ç–æ –¥—Ä—É–≥–∏–µ –¥–µ–π—Å—Ç–≤–∏—è (–ø–µ—á–∞—Ç—å
    –Ω–∞ –∫–ª–∞–≤–∏–∞—Ç—É—Ä–µ, –¥–≤–∏–∂–µ–Ω–∏—è –º—ã—à–∏, –æ–±—Ä–∞—â–µ–Ω–∏—è –∫ –¥–∏—Å–∫–∞–º); —ç—Ç–æ –¥–∞—Å—Ç –≥–µ–Ω–µ—Ä–∞—Ç–æ—Ä—É
    —Å–ª—É—á–∞–π–Ω—ã—Ö —á–∏—Å–µ–ª –±–æ–ª—å—à–µ –≤–æ–∑–º–æ–∂–Ω–æ—Å—Ç–µ–π –ø–æ–ª—É—á–∏—Ç—å –¥–æ—Å—Ç–∞—Ç–æ—á–Ω–æ–µ –∫–æ–ª–∏—á–µ—Å—Ç–≤–æ —ç–Ω—Ç—Ä–æ–ø–∏–∏.
    gpg: –∫–ª—é—á E2EF59C572C2FE68 –ø–æ–º–µ—á–µ–Ω –∫–∞–∫ –∞–±—Å–æ–ª—é—Ç–Ω–æ –¥–æ–≤–µ—Ä–µ–Ω–Ω—ã–π
    gpg: —Å–µ—Ä—Ç–∏—Ñ–∏–∫–∞—Ç –æ—Ç–∑—ã–≤–∞ –∑–∞–ø–∏—Å–∞–Ω –≤ '/root/.gnupg/openpgp-revocs.d/4D651D448FC062BFFC7602DCE2EF59C572C2FE68.rev'.
    –æ—Ç–∫—Ä—ã—Ç—ã–π –∏ —Å–µ–∫—Ä–µ—Ç–Ω—ã–π –∫–ª—é—á–∏ —Å–æ–∑–¥–∞–Ω—ã –∏ –ø–æ–¥–ø–∏—Å–∞–Ω—ã.
    pub   rsa2048 2020-04-16 [SC] [   –≥–æ–¥–µ–Ω –¥–æ: 2022-04-16]
          4D651D448FC062BFFC7602DCE2EF59C572C2FE68
    uid                      Admin3 <testAdmin3@mail.ru>
    sub   rsa2048 2020-04-16 [E] [   –≥–æ–¥–µ–Ω –¥–æ: 2022-04-16]
# gpg -o myfile.sig -s myfile
# ls -l
    -rw-r--r--. 1 root   root    478 –∞–ø—Ä 16 02:53  tip.104
    -rw-------. 1 root   root    548 –∞–ø—Ä 16 03:16  Admin3.asc
    -rw-r--r--. 1 root   root   2448 –∞–ø—Ä 16 02:10  box-key
    -rw-r--r--. 1 root   root     13 –∞–ø—Ä 16 02:15  myfile
    -rw-r--r--. 1 root   root    478 –∞–ø—Ä 16 02:21  myfilenew.gpg
    -rw-r--r--. 1 root   root    354 –∞–ø—Ä 16 03:38  myfile.sig
Task:
–ü—Ä–æ–≤–µ—Ä–∏—Ç—å –ø–æ–¥–ø–∏—Å—å –≤ —É–¥–∞–ª–µ–Ω–Ω–æ–π —Å–∏—Å—Ç–µ–º–µ –º–æ–∂–Ω–æ —Å –ø–æ–º–æ—â—å—é –∫–æ–º–∞–Ω–¥—ã gpg —Å –æ–ø—Ü–∏–µ–π --verify
Decision:
# gpg --verify myfile.sig
    gpg: –í–Ω–∏–º–∞–Ω–∏–µ: –Ω–µ–±–µ–∑–æ–ø–∞—Å–Ω—ã–π –≤–ª–∞–¥–µ–ª–µ—Ü –¥–æ–º–∞—à–Ω–µ–≥–æ –∫–∞—Ç–∞–ª–æ–≥–∞ '/home/linux/.gnupg'
    gpg: –ü–æ–¥–ø–∏—Å—å —Å–¥–µ–ª–∞–Ω–∞ –ß—Ç 16 –∞–ø—Ä 2020 10:38:31 MSK
    gpg:                –∫–ª—é—á–æ–º RSA —Å –∏–¥–µ–Ω—Ç–∏—Ñ–∏–∫–∞—Ç–æ—Ä–æ–º 4D651D448FC062BFFC7602DCE2EF59C572C2FE68
Task:
–†–∞—Å—à–∏—Ñ—Ä–æ–≤–∫–∞ —Ñ–∞–π–ª–∞ myfile.sig
Decision:
#  gpg -o myfile -d myfile.sig
Task:
–ø–æ–¥–ø–∏—Å–∞—Ç—å —Ç–µ–∫—Å—Ç–æ–≤—ã–µ —Ñ–∞–π–ª—ã, –≤ —ç—Ç–æ–º —Å–ª—É—á–∞–µ –ø–æ–¥–ø–∏—Å—å –±—É–¥–µ—Ç –¥–æ–±–∞–≤–ª–µ–Ω–∞ –≤ –∫–æ–Ω–µ—Ü —Ñ–∞–π–ª–∞. –§–∞–π–ª –ø–æ–ª—É—á–∏—Ç —Ä–∞—Å—à–∏—Ä–µ–Ω–∏–µ asc.
Decision:
# gpg --clearsign myfile
# ls -l
    -rw-r--r-- 1 root  root    723 –∞–ø—Ä 16 10:50  myfile.asc
# cat myfile.asc
    -----BEGIN PGP SIGNED MESSAGE-----
    Hash: SHA512
    - ---secret---
    -----BEGIN PGP SIGNATURE-----
    iQGzBAEBCgAdFiEEwKf+AZuw1DDEZcvKBaLpbHFHyLgFAl6YDjIACgkQBaLpbHFH
    yLhfYgv/fUG4Uc1XWSqfdg39etdp5xIvVx1DUwxy+QNopHqd2MXps6Oe2+qJzLpk
    gthQRGSB60Xqgim2hwDEz0hoBrIoFMskuFpZo8JDOpxjR0fofPAp0i+t3z5ZVbjf
    0Mxp8xzvSnxqgx5bwv7Xew4WZwAdiBaOCWhdJ0mK32zxQ2OKClDODUH6XNLVG/iz
    ecVq3VRUUvkRJHj2q1auPsQm2kopp3kuuIYSub/IY+lsEe25fPj/wV+wmugmzExi
    YMj5j8RVMaJCvojJiso7C4+Fv78x9xazEeJlo+d9DTe/+N+O4HttJjGTlCcY1dxc
    QlMytIRnAmJVVioOI6lcG5lp0ZQ0o5M1rhuP53k9+q1o6n8vKPCj/lSK6wO77NYH
    liMFZaeNuL0XDKCbzNqFUTOgFbOo8vueZ1ob7Jq36V/VKz4lXhzOil20QCG8Mmrk
    3f/cM/KK6Oy2MWDEJyjVCHt2PhoiknES7mppvilFR1Plb4JSQPPMzXQ1WgsjAtoH
    RYFDq2Hc
    =YJ6J
    -----END PGP SIGNATURE-----
Task:
–¢–∞–∫–∂–µ –µ—Å—Ç—å –≤–æ–∑–º–æ–∂–Ω–æ—Å—Ç—å –ø–æ–ª—É—á–∏—Ç—å —Ü–∏—Ñ—Ä–æ–≤—É—é –ø–æ–¥–ø–∏—Å—å –≤ –æ—Ç–¥–µ–ª—å–Ω—ã–π —Ñ–∞–π–ª. –í–ø–æ—Å–ª–µ–¥—Å—Ç–≤–∏–∏ —Ñ–∞–π–ª —Å –ø–æ–¥–ø–∏—Å—å—é –∏ –æ—Ä–∏–≥–∏–Ω–∞–ª—å–Ω—ã–π —Ñ–∞–π–ª –±—É–¥—É—Ç –∏—Å–ø–æ–ª—å–∑–æ–≤–∞—Ç—å—Å—è –¥–ª—è —Ç–æ–≥–æ, —á—Ç–æ–±—ã –≤–µ—Ä–∏—Ñ–∏—Ü–∏—Ä–æ–≤–∞—Ç—å –ø–æ–¥–ø–∏—Å—å.
Decision:
# gpg -o myfile.sig --detach-sig myfile
# gpg --verify myfile.sig myfile
    gpg: –ü–æ–¥–ø–∏—Å—å —Å–¥–µ–ª–∞–Ω–∞ –ß—Ç 16 –∞–ø—Ä 2020 03:53:06 EDT
    gpg:                –∫–ª—é—á–æ–º RSA —Å –∏–¥–µ–Ω—Ç–∏—Ñ–∏–∫–∞—Ç–æ—Ä–æ–º 4D651D448FC062BFFC7602DCE2EF59C572C2FE68
    gpg: –î–µ–π—Å—Ç–≤–∏—Ç–µ–ª—å–Ω–∞—è –ø–æ–¥–ø–∏—Å—å –ø–æ–ª—å–∑–æ–≤–∞—Ç–µ–ª—è "Admin3 <testAdmin3@mail.ru>" [–∞–±—Å–æ–ª—é—Ç–Ω–æ–µ]
Task:
–£—Ä–æ–≤–µ–Ω—å –¥–æ–≤–µ—Ä–∏—è –∫ –≤–ª–∞–¥–µ–ª—å—Ü–∞–º –∫–ª—é—á–∞
–£—Ä–æ–≤–µ–Ω—å –¥–æ–≤–µ—Ä–∏—è –ø–æ–∫–∞–∑—ã–≤–∞–µ—Ç, –Ω–∞—Å–∫–æ–ª—å–∫–æ —Å–∏–ª—å–Ω–æ –≤—ã –¥–æ–≤–µ—Ä—è–µ—Ç–µ –≤–ª–∞–¥–µ–ª—å—Ü—É —É–∫–∞–∑–∞–Ω–Ω–æ–≥–æ –∫–ª—é—á–∞. –ò–∑–º–µ–Ω–∏—Ç—å –µ–≥–æ –º–æ–∂–Ω–æ, –≤–æ–π–¥—è –≤ —Ä–µ–∂–∏–º —Ä–µ–¥–∞–∫—Ç–∏—Ä–æ–≤–∞–Ω–∏—è.
Decision:
# gpg --edit-key Client1
    gpg (GnuPG) 2.2.9; Copyright (C) 2018 Free Software Foundation, Inc.
    This is free software: you are free to change and redistribute it.
    There is NO WARRANTY, to the extent permitted by law.
    pub  rsa3072/05A2E96C7147C8B8
          —Å–æ–∑–¥–∞–Ω: 2020-04-16     –≥–æ–¥–µ–Ω –¥–æ: 2022-04-16  –Ω–∞–∑–Ω–∞—á–µ–Ω–∏–µ: SC  
         –¥–æ–≤–µ—Ä–∏–µ: –Ω–µ–∏–∑–≤–µ—Å—Ç–Ω–æ –¥–æ—Å—Ç–æ–≤–µ—Ä–Ω–æ—Å—Ç—å: –Ω–µ–∏–∑–≤–µ—Å—Ç–Ω–æ
    sub  rsa3072/58859DC04AFB86B9
          —Å–æ–∑–¥–∞–Ω: 2020-04-16     –≥–æ–¥–µ–Ω –¥–æ: 2022-04-16  –Ω–∞–∑–Ω–∞—á–µ–Ω–∏–µ: E   
    [ –Ω–µ–∏–∑–≤–µ—Å—Ç–Ω–æ ] (1). Client1 <testClient1@mail.ru>
gpg> trust
    pub  rsa3072/05A2E96C7147C8B8
          —Å–æ–∑–¥–∞–Ω: 2020-04-16     –≥–æ–¥–µ–Ω –¥–æ: 2022-04-16  –Ω–∞–∑–Ω–∞—á–µ–Ω–∏–µ: SC  
         –¥–æ–≤–µ—Ä–∏–µ: –Ω–µ–∏–∑–≤–µ—Å—Ç–Ω–æ –¥–æ—Å—Ç–æ–≤–µ—Ä–Ω–æ—Å—Ç—å: –Ω–µ–∏–∑–≤–µ—Å—Ç–Ω–æ
    sub  rsa3072/58859DC04AFB86B9
          —Å–æ–∑–¥–∞–Ω: 2020-04-16     –≥–æ–¥–µ–Ω –¥–æ: 2022-04-16  –Ω–∞–∑–Ω–∞—á–µ–Ω–∏–µ: E   
    [ –Ω–µ–∏–∑–≤–µ—Å—Ç–Ω–æ ] (1). Client1 <testClient1@mail.ru>
    –£–∫–∞–∂–∏—Ç–µ, –Ω–∞—Å–∫–æ–ª—å–∫–æ –í—ã –¥–æ–≤–µ—Ä—è–µ—Ç–µ –¥–∞–Ω–Ω–æ–º—É –ø–æ–ª—å–∑–æ–≤–∞—Ç–µ–ª—é –≤ –≤–æ–ø—Ä–æ—Å–∞—Ö –ø—Ä–æ–≤–µ—Ä–∫–∏
    –¥–æ—Å—Ç–æ–≤–µ—Ä–Ω–æ—Å—Ç–∏ –∫–ª—é—á–µ–π –¥—Ä—É–≥–∏—Ö –ø–æ–ª—å–∑–æ–≤–∞—Ç–µ–ª–µ–π (–ø—Ä–æ–≤–µ—Ä—è–µ—Ç –ø–∞—Å–ø–æ—Ä—Ç,
    —Å–≤–µ—Ä—è–µ—Ç –æ—Ç–ø–µ—á–∞—Ç–∫–∏ –∫–ª—é—á–µ–π –∏–∑ —Ä–∞–∑–Ω—ã—Ö –∏—Å—Ç–æ—á–Ω–∏–∫–æ–≤ –∏ —Ç.–ø.)
     1 = –ù–µ –∑–Ω–∞—é –∏–ª–∏ –Ω–µ –±—É–¥—É –æ—Ç–≤–µ—á–∞—Ç—å
     2 = –ù–ï –¥–æ–≤–µ—Ä—è—é
     3 = –î–æ–≤–µ—Ä—è—é –æ–≥—Ä–∞–Ω–∏—á–µ–Ω–Ω–æ
     4 = –ü–æ–ª–Ω–æ—Å—Ç—å—é –¥–æ–≤–µ—Ä—è—é
     5 = –ê–±—Å–æ–ª—é—Ç–Ω–æ –¥–æ–≤–µ—Ä—è—é
     m = –≤–µ—Ä–Ω—É—Ç—å—Å—è –≤ –≥–ª–∞–≤–Ω–æ–µ –º–µ–Ω—é
Task:
–ù–∞–¥–µ–∂–Ω–æ–µ —É–¥–∞–ª–µ–Ω–∏–µ —Ñ–∞–π–ª–æ–≤
–î–ª—è –Ω–∞–¥–µ–∂–Ω–æ–≥–æ —É–¥–∞–ª–µ–Ω–∏—è —Ñ–∞–π–ª–æ–≤ –∏—Å–ø–æ–ª—å–∑—É–µ—Ç—Å—è –ø—Ä–æ–≥—Ä–∞–º–º–∞ shred, –≤—Ö–æ–¥—è—â–∞—è –≤ –ø–∞–∫–µ—Ç coreutils. –ü–æ—Ç—Ä–µ–±–Ω–æ—Å—Ç—å –≤ —É–¥–∞–ª–µ–Ω–∏–∏ —Ñ–∞–π–ª–∞ –º–æ–∂–µ—Ç –≤–æ–∑–Ω–∏–∫–Ω—É—Ç—å –ø–æ—Å–ª–µ —Å–æ–∑–¥–∞–Ω–∏—è –µ–≥–æ –∑–∞—à–∏—Ñ—Ä–æ–≤–∞–Ω–Ω–æ–π –≤–µ—Ä—Å–∏–∏. –ú–µ—Å—Ç–æ –Ω–∞ –¥–∏—Å–∫–µ, –≥–¥–µ –Ω–∞—Ö–æ–¥–∏—Ç—Å—è —Ñ–∞–π–ª, –ø–µ—Ä–µ–∑–∞–ø–∏—Å—ã–≤–∞–µ—Ç—Å—è –≤ –Ω–µ—Å–∫–æ–ª—å–∫–æ –ø—Ä–æ—Ö–æ–¥–æ–≤, –∏ –≤–æ—Å—Å—Ç–∞–Ω–æ–≤–∏—Ç—å –µ–≥–æ –ø—Ä–∞–∫—Ç–∏—á–µ—Å–∫–∏ –Ω–µ–≤–æ–∑–º–æ–∂–Ω–æ.
–ü—Ä–∏–º–µ—Ä —É–¥–∞–ª–µ–Ω–∏—è —Ñ–∞–π–ª–∞. –ü–æ —É–º–æ–ª—á–∞–Ω–∏—é –ø—Ä–æ–≥—Ä–∞–º–º–∞ shred 25 —Ä–∞–∑ –ø–µ—Ä–µ–∑–∞–ø–∏—Å—ã–≤–∞–µ—Ç —Ç–æ –º–µ—Å—Ç–æ, –≥–¥–µ –Ω–∞—Ö–æ–¥–∏–ª—Å—è —Ñ–∞–π–ª.
Decision:
# shred -u -v myfile
    shred: myfile: –ø—Ä–æ—Ö–æ–¥ 1/3 (random)‚Ä¶
    shred: myfile: –ø—Ä–æ—Ö–æ–¥ 2/3 (random)‚Ä¶
    shred: myfile: –ø—Ä–æ—Ö–æ–¥ 3/3 (random)‚Ä¶
    shred: myfile: —É–¥–∞–ª–µ–Ω–∏–µ
    shred: myfile: –ø–µ—Ä–µ–∏–º–µ–Ω–æ–≤–∞–Ω –≤ 000000
    shred: 000000: –ø–µ—Ä–µ–∏–º–µ–Ω–æ–≤–∞–Ω –≤ 00000
    shred: 00000: –ø–µ—Ä–µ–∏–º–µ–Ω–æ–≤–∞–Ω –≤ 0000
    shred: 0000: –ø–µ—Ä–µ–∏–º–µ–Ω–æ–≤–∞–Ω –≤ 000
    shred: 000: –ø–µ—Ä–µ–∏–º–µ–Ω–æ–≤–∞–Ω –≤ 00
    shred: 00: –ø–µ—Ä–µ–∏–º–µ–Ω–æ–≤–∞–Ω –≤ 0
    shred: myfile: —É–¥–∞–ª—ë–Ω
# ls -l
    -rw-r--r--. 1 root   root    478 –∞–ø—Ä 16 02:53  tip.104
    -rw-------. 1 root   root    548 –∞–ø—Ä 16 03:16  Admin3.asc
    -rw-r--r--. 1 root   root   2448 –∞–ø—Ä 16 02:10  box-key
    -rw-r--r--. 1 root   root     88 –∞–ø—Ä 16 02:17  myfile.gpg
    -rw-r--r--. 1 root   root    478 –∞–ø—Ä 16 02:21  myfilenew.gpg
    -rw-r--r--. 1 root   root    310 –∞–ø—Ä 16 03:53  myfile.sig
Source:
https://scabere.livejournal.com/62886.html?ysclid=lis5xg9t99308663826
Task:
–û–±–Ω–æ–≤–ª–µ–Ω–∏–µ –ª–∏—Ü–µ–Ω–∑–∏–∏ DrWeb
Decision:
–ê–¥–º–∏–Ω–∏—Å—Ç—Ä–∏—Ä–æ–≤–∞–Ω–∏–µ, –º–µ–Ω–µ–¥–∂–µ—Ä –ª–∏—Ü–µ–Ω–∑–∏–∏, –û–†–ì–ê–ù–ò–ó–ê–¶–ò–Ø, —Ä–∞—Å–ø—Ä-—Ç—å –∫–ª—é—á –Ω–∞ –≥—Ä—É–ø–ø—ã –∏ —Å—Ç–∞–Ω—Ü–∏–∏, EveryOne,–ó–∞–º–µ–Ω–∏—Ç—å –∫–ª—é—á–∏
Task:
–î–ª—è –ø–æ–¥–≥–æ—Ç–æ–≤–∫–∏ —Å—Ç–µ–Ω–¥–∞:
1. –ù–µ–æ–±—Ö–æ–¥–∏–º–æ —Å–∫–∞—á–∞—Ç—å –∞—Ä—Ö–∏–≤ –ø–æ —Å—Å—ã–ª–∫–µ: courses-shop.zip (–ó–µ—Ä–∫–∞–ª–æ: courses-shop.zip –Ø–Ω–¥–µ–∫—Å.–î–∏—Å–∫)
2. –†–∞—Å–ø–∞–∫–æ–≤–∞—Ç—å –¥–∞–Ω–Ω—ã–π –∞—Ä—Ö–∏–≤ –∏ –ø–µ—Ä–µ–π—Ç–∏ –≤ –ø–æ—è–≤–∏–≤—à—É—é—Å—è –¥–∏—Ä–µ–∫—Ç–æ—Ä–∏—é courses-shop-prod –≤ —Ç–µ—Ä–º–∏–Ω–∞–ª—å–Ω–æ–π –æ–±–æ–ª–æ—á–∫–µ –≤–∞—à–µ–π –û–°. –í—ã–ø–æ–ª–Ω–∏—Ç—å –∫–æ–º–∞–Ω–¥—É (–ø—Ä–∏ –∑–∞–ø—É—â–µ–Ω–Ω–æ–º —Å–µ—Ä–≤–∏—Å–µ docker): docker-compose up -d. –ü–æ –∞–¥—Ä–µ—Å—É http://localhost:1337 –ø–æ—è–≤–∏—Ç—Å—è –ø—Ä–∏–ª–æ–∂–µ–Ω–∏–µ –ª–∞–±–æ—Ä–∞—Ç–æ—Ä–Ω–æ–≥–æ —Å—Ç–µ–Ω–¥–∞.
–í–æ–∑–º–æ–∂–Ω—ã–µ –ø—Ä–æ–±–ª–µ–º—ã:
1. –ù–∞ –Ω–µ–∫–æ—Ç–æ—Ä—ã—Ö –∫–æ–º–ø—å—é—Ç–µ—Ä–∞—Ö –ø—Ä–∏–ª–æ–∂–µ–Ω–∏–µ –º–æ–∂–µ—Ç –¥–æ–ª–≥–æ –æ–∂–∏–¥–∞—Ç—å –ø–æ–¥–∫–ª—é—á–µ–Ω–∏—è –∫ –±–∞–∑–µ –¥–∞–Ω–Ω—ã—Ö. –≠—Ç–æ –∑–∞–≤–∏—Å–∏—Ç –æ—Ç –º–æ—â–Ω–æ—Å—Ç–µ–π –≤–∞—à–µ–≥–æ –∫–æ–º–ø—å—é—Ç–µ—Ä–∞.
2. –ü–æ —Ç–æ–π –∂–µ –ø—Ä–∏—á–∏–Ω–µ –±–æ—Ç (–∞–¥–º–∏–Ω–∏—Å—Ç—Ä–∞—Ç–æ—Ä –ø—Ä–∏–ª–æ–∂–µ–Ω–∏—è) –º–æ–∂–µ—Ç –Ω–µ –∑–∞–ø—É—Å—Ç–∏—Ç—å—Å—è, –µ—Å–ª–∏ –±–∞–∑–∞ –¥–∞–Ω–Ω—ã—Ö –∑–∞–ø—É—Å–∫–∞–ª–∞—Å—å –¥–æ–ª—å—à–µ 15 —Å–µ–∫—É–Ω–¥. –í —Ç–∞–∫–æ–º —Å–ª—É—á–∞–µ –≤—ã –º–æ–∂–µ—Ç–µ –ø–µ—Ä–µ–∑–∞–≥—Ä—É–∑–∏—Ç—å —Å–µ—Ä–≤–∏—Å –±–æ—Ç–∞ –∏–∑ –ø–∞–ø–∫–∏ –ø—Ä–∏–ª–æ–∂–µ–Ω–∏—è –ø–æ—Å–ª–µ –∑–∞–≥—Ä—É–∑–∫–∏ –±–∞–∑—ã –¥–∞–Ω–Ω—ã—Ö –∫–æ–º–∞–Ω–¥–æ–π:
docker-compose restart bot
–ù–µ–æ–±—Ö–æ–¥–∏–º–æ –Ω–∞—Ö–æ–¥–∏—Ç—å—Å—è –≤ –¥–∏—Ä–µ–∫—Ç–æ—Ä–∏–∏ –ø—Ä–∏–ª–æ–∂–µ–Ω–∏—è, –≤ –æ–¥–Ω–æ–º –º–µ—Å—Ç–µ —Å —Ñ–∞–π–ª–æ–º docker-compose.yml
–ü—Ä–æ–∞–Ω–∞–ª–∏–∑–∏—Ä—É–π—Ç–µ –∑–∞—â–∏—â–µ–Ω–Ω–æ—Å—Ç—å –º–µ—Ö–∞–Ω–∏–∑–º–æ–≤ –∞—É—Ç–µ–Ω—Ç–∏—Ñ–∏–∫–∞—Ü–∏–∏ –∞–¥–º–∏–Ω–∏—Å—Ç—Ä–∞—Ç–∏–≤–Ω–æ–π –ø–∞–Ω–µ–ª–∏ –∏ –ø—Ä–æ—ç–∫—Å–ø–ª—É–∞—Ç–∏—Ä—É–π—Ç–µ –Ω–∞–π–¥–µ–Ω–Ω—ã–µ —É—è–∑–≤–∏–º–æ—Å—Ç–∏.
–í –∫–∞—á–µ—Å—Ç–≤–µ –ø–æ–¥—Ç–≤–µ—Ä–∂–¥–µ–Ω–∏—è —É—Å–ø–µ—à–Ω–æ–π —ç–∫—Å–ø–ª—É–∞—Ç–∞—Ü–∏–∏ –ø—Ä–µ–¥–æ—Å—Ç–∞–≤—å—Ç–µ —Ñ–ª–∞–≥ (—Å–µ–∫—Ä–µ—Ç–Ω—É—é —Å—Ç—Ä–æ–∫—É –≤ —Ñ–æ—Ä–º–∞—Ç–µ 32 –±—É–∫–≤ –∏ —Ü–∏—Ñ—Ä) –∏–∑ –∫–æ–¥–∞ —Å—Ç—Ä–∞–Ω–∏—Ü—ã –ø–∞–Ω–µ–ª–∏ –∞–¥–º–∏–Ω–∏—Å—Ç—Ä–∞—Ç–æ—Ä–∞.
–í–æ–ø—Ä–æ—Å –¥–ª—è —Å–∞–º–æ–ø—Ä–æ–≤–µ—Ä–∫–∏ –Ω–∞ –ø—Ä–æ—Ç—è–∂–µ–Ω–∏–∏ —Ä–∞–±–æ—Ç—ã —Å –¥–∞–Ω–Ω—ã–º –ª–∞–±–æ—Ä–∞—Ç–æ—Ä–Ω—ã–º —Å—Ç–µ–Ω–¥–æ–º:
–ß—Ç–æ –æ–ø–∞—Å–Ω–æ–≥–æ –≤ —ç—Ç–æ–π –∏–Ω—Ñ–æ—Ä–º–∞—Ü–∏–æ–Ω–Ω–æ–π —Å–∏—Å—Ç–µ–º–µ –º–æ–∂–µ—Ç —Å–¥–µ–ª–∞—Ç—å –∑–ª–æ—É–º—ã—à–ª–µ–Ω–Ω–∏–∫? –ö–∞–∫–∏–µ —Ä–∏—Å–∫–∏ –æ–Ω –º–æ–≥ –±—ã —Ä–µ–∞–ª–∏–∑–æ–≤–∞—Ç—å?
Decision:
$ firefox https://disk.yandex.ru/d/bXfeC1DM4vrUsw
$ unzip Downloads/courses-shop.zip
$ cd courses-shop-prod
$ docker-compose up -d
$ firefox https://portswigger.net/burp/releases/professional-community-2023-9-4?requestededition=community&requestedplatform=
$ chmod ugo+x burpsuite_community_linux_v2023_9_4.sh
$ ./burpsuite_community_linux_v2023_9_4.sh
$ /home/tuser/BurpSuiteCommunity/BurpSuiteCommunity &
$ firefox https://github.com/empty-jack/YAWR/blob/master/brute/passwords/realyBest.txt 
Source:
1. https://portswigger.net/burp/documentation/desktop/getting-started/download-and-install
2. https://losst.pro/zapusk-skripta-sh-v-linux
Task:
–ü—Ä–æ–∞–Ω–∞–ª–∏–∑–∏—Ä—É–π—Ç–µ —Å—É—â–µ—Å—Ç–≤—É—é—â–∏–µ –ø–æ–¥–¥–æ–º–µ–Ω—ã –æ—Å–Ω–æ–≤–Ω–æ–≥–æ –¥–æ–º–µ–Ω–∞ –∫–æ–º–ø–∞–Ω–∏–∏ cyber-ed.ru. –í—ã—è–≤–∏—Ç–µ –¥–æ–º–µ–Ω, –∫–æ—Ç–æ—Ä—ã–π –ø–æ—Ö–æ–∂ –Ω–∞ –Ω–∞–∑–≤–∞–Ω–∏–µ –¥–æ–º–µ–Ω–∞ –¥–ª—è –∑–∞–¥–∞–Ω–∏—è, –∏ –∏–∑—É—á–∏—Ç–µ –µ–≥–æ DNS TXT –∑–∞–ø–∏—Å–∏.
–í –∫–∞—á–µ—Å—Ç–≤–µ –ø–æ–¥—Ç–≤–µ—Ä–∂–¥–µ–Ω–∏—è —É—Å–ø–µ—à–Ω–æ–π —ç–∫—Å–ø–ª—É–∞—Ç–∞—Ü–∏–∏ –ø—Ä–µ–¥–æ—Å—Ç–∞–≤—å—Ç–µ —Ñ–ª–∞–≥ (—Å–µ–∫—Ä–µ—Ç–Ω—É—é —Å—Ç—Ä–æ–∫—É –≤ —Ñ–æ—Ä–º–∞—Ç–µ 32 –±—É–∫–≤ –∏ —Ü–∏—Ñ—Ä –Ω–µ—Å–≤—è–∑–Ω–æ–≥–æ —Ç–µ–∫—Å—Ç–∞) –∏–∑ DNS –∑–∞–ø–∏—Å–∏ —Ç–∏–ø–∞ TXT (–ß—Ç–æ–±—ã –ø–æ–ª—É—á–∏—Ç—å TXT –∑–∞–ø–∏—Å–∏ –¥–ª—è –¥–æ–º–µ–Ω–∞, –≤—ã–ø–æ–ª–Ω–∏—Ç–µ –∫–æ–º–∞–Ω–¥—É nslookup -q=TXT domain.name).
Decision:
$ google-chrome https://crt.sh/?q=cyber-ed.ru
$ nslookup -q=TXT task.cyber-ed.ru
Server:		tip.1
Address:	tip.1#53
Non-authoritative answer:
task.cyber-ed.ru	text = "FLAG=–û–¢–í–ï–¢"
Authoritative answers can be found from
Task:
–£—Å—Ç–∞–Ω–æ–≤–∏—Ç—å –∏ –Ω–∞—Å—Ç—Ä–æ–∏—Ç—å SSH –≤ Ubuntu 22.04
Decision:
$ sudo apt update && sudo apt upgrade
$ sudo apt install openssh-server
$ sudo systemctl enable --now ssh
Source:
–ö–∞–∫ —É—Å—Ç–∞–Ω–æ–≤–∏—Ç—å –∏ –Ω–∞—Å—Ç—Ä–æ–∏—Ç—å SSH –≤ Ubuntu 22.04 - https://timeweb.cloud/tutorials/ubuntu/kak-ustanovit-i-nastroit-ssh-v-ubuntu-22-04
Task:
–î–æ–±–∞–≤—å—Ç–µ –Ω–æ–≤—ã–π –∫–ª—é—á –¥–ª—è –±–µ–∑–æ–ø–∞—Å–Ω–æ–π –∞–≤—Ç–æ—Ä–∏–∑–∞—Ü–∏–∏ –ø–æ ssh
Decision:
$ ssh-keygen -t rsa -q -N '' -f ~/.ssh/tkey
$ cat .ssh/tkey.pub¬†
ssh-rsa ...tuser@tkey
$ ssh-copy-id -i ~/.ssh/tkey.pub tuser@tip
Source:
–°–æ–∑–¥–∞–Ω–∏–µ SSH-–∫–ª—é—á–µ–π - https://beget.com/ru/kb/how-to/ssh/avtomaticheskaya-ssh-avtorizacziya-po-klyuchu#sozdanie-ssh-klyuchey
Task:
–ü—Ä–∏–Ω—Ü–∏–ø Dos –ê—Ç–∞–∫–∏
Decision:
—Å–µ—Ç–µ–≤—ã–µ –∑–∞–ø—Ä–æ—Å—ã –Ω–∞ —Å–µ—Ç–µ–≤–æ–º —É—Ä–æ–≤–Ω–µ –æ—Å—É—â–µ—Å—Ç–≤–ª—è—é—Ç—Å—è —Å –æ–¥–Ω–æ–≥–æ –∫–æ–º–ø—å—é—Ç–µ—Ä–∞ –∏ –Ω–∞—Ü–µ–ª–µ–Ω—ã –Ω–∞ –∫–æ–Ω–∫—Ä–µ—Ç–Ω—ã–π –≤–∏—Ä—Ç—É–∞–ª—å–Ω—ã–π —Å–µ—Ä–≤–µ—Ä –∏–ª–∏ –¥–æ–º–µ–Ω.
Task:
—Ç–∏–ø—ã —Å–µ—Ä—Ç–∏—Ñ–∏–∫–∞—Ç–æ–≤
Decision:
-–ü–æ–ª—å–∑–æ–≤–∞—Ç–µ–ª—å—Å–∫–∏–µ
-Let‚Äôs Encrypt
Task:
–ö–∞–∫–∏–µ –ø—Ä–∞–≤–æ–≤—ã–µ –¥–æ–∫—É–º–µ–Ω—Ç—ã –æ–ø—Ä–µ–¥–µ–ª—è—é—Ç —Ç—Ä–µ–±–æ–≤–∞–Ω–∏—è –∫ –∑–∞—â–∏—Ç–µ –ø–µ—Ä—Å–æ–Ω–∞–ª—å–Ω—ã—Ö –¥–∞–Ω–Ω—ã—Ö?
Decision:
-GDPR
-–§–µ–¥–µ—Ä–∞–ª—å–Ω—ã–π –∑–∞–∫–æ–Ω ‚Ññ152-–§–ó –†–æ—Å—Å–∏–π—Å–∫–æ–π –§–µ–¥–µ—Ä–∞—Ü–∏–∏
-–ø—Ä–∏–∫–∞–∑ –§–°–¢–≠–ö –†–æ—Å—Å–∏–∏ –æ—Ç 18.02.2013 ‚Ññ 21
Task:
–ß–µ–º Dos –ê—Ç–∞–∫–∞ –æ—Ç–ª–∏—á–∞–µ—Ç—Å—è –æ—Ç DDos?
Decision:
DoS-–∞—Ç–∞–∫–∏ –∏—Å–ø–æ–ª—å–∑—É—é—Ç –≤—Å–µ–≥–æ –æ–¥–∏–Ω —Ö–æ—Å—Ç –¥–ª—è –ø–µ—Ä–µ–≥—Ä—É–∑–∫–∏ —Å–∏—Å—Ç–µ–º—ã, –µ—Å—Ç—å –∫–æ—Å–≤–µ–Ω–Ω—ã–µ –ø—Ä–∏–∑–Ω–∞–∫–∏, –ø–æ –∫–æ—Ç–æ—Ä—ã–º –∏—Ö –º–æ–∂–Ω–æ –æ—Ç–ª–∏—á–∏—Ç—å –æ—Ç DDoS. –û–Ω–∏ –º–µ–Ω–µ–µ —ç—Ñ—Ñ–µ–∫—Ç–∏–≤–Ω—ã –∏ –±–æ–ª–µ–µ –∑–∞–º–µ—Ç–Ω—ã: –∫–æ–≥–¥–∞ –∑–∞–ø—Ä–æ—Å—ã –ø—Ä–∏—Ö–æ–¥—è—Ç —Å –æ–¥–Ω–æ–≥–æ IP-–∞–¥—Ä–µ—Å–∞ –∏—Å—Ç–æ—á–Ω–∏–∫–∞, —Å–∏—Å—Ç–µ–º–Ω–æ–º—É –∞–¥–º–∏–Ω–∏—Å—Ç—Ä–∞—Ç–æ—Ä—É —Å—Ç–∞–Ω–æ–≤–∏—Ç—Å—è –æ—á–µ–≤–∏–¥–Ω–∞ –∏—Ö –Ω–µ–ª–µ–≥–∏—Ç–∏–º–Ω–æ—Å—Ç—å. –ö–∞–∫ —Å–ª–µ–¥—Å—Ç–≤–∏–µ ‚Äî DoS-–∞—Ç–∞–∫–∏ –≥–æ—Ä–∞–∑–¥–æ –ø—Ä–æ—â–µ –ø–æ–¥–∞–≤–∏—Ç—å, –≤–µ–¥—å –¥–æ—Å—Ç–∞—Ç–æ—á–Ω–æ –∏—Å–ø–æ–ª—å–∑–æ–≤–∞—Ç—å –±—Ä–∞–Ω–¥–º–∞—É—ç—Ä.¬†
Task:
–ö–∞–∫ —Å–æ–∑–¥–∞—Ç—å –ø—Ä–æ—Å—Ç–æ–µ –∑–∞—à–∏—Ñ—Ä–æ–≤–∞–Ω–Ω–æ–µ —Å–æ–æ–±—â–µ–Ω–∏–µ —Å –ø–æ–º–æ—â—å—é –∫–æ–º–∞–Ω–¥–Ω–æ–π —Å—Ç—Ä–æ–∫–∏?
Decision:
–ò—Å–ø–æ–ª—å–∑–æ–≤–∞—Ç—å OpenSsl –¥–ª—è —à–∏—Ñ—Ä–æ–≤–∞–Ω–∏—è –ø–æ—Ç–æ–∫–∞ —Ç–µ–∫—Å—Ç–∞ –≤ —Ç–µ–∫—Å—Ç–æ–≤—ã–π —Ñ–∞–π–ª, –∫–æ—Ç–æ—Ä—ã–π —Å–æ–¥–µ—Ä–∂–∏—Ç –∑–∞—à–∏—Ñ—Ä–æ–≤–∞–Ω–Ω—ã–π —Ç–µ–∫—Å—Ç Aes-256 —Å –∏—Å–ø–æ–ª—å–∑–æ–≤–∞–Ω–∏–µ–º –∫–ª—é—á–∞ –¥–æ—Å—Ç—É–ø–∞
Task:
–°–ø–æ—Å–æ–±—ã –∞–≤—Ç–æ—Ä–∏–∑–∞—Ü–∏–∏
Decision:
- –¥–≤—É—Ñ–∞—Ç–æ—Ä–Ω—ã–π
- –ø–æ –∫–ª—é—á—É
- –ø–æ –ø–∞—Ä–æ–ª—é